Loading weights:   0%|          | 0/199 [00:00<?, ?it/s]Loading weights: 100%|██████████| 199/199 [00:00<00:00, 6283.10it/s]
[transformers] [1mBertForSequenceClassification LOAD REPORT[0m from: intfloat/multilingual-e5-small
Key               | Status  | 
------------------+---------+-
classifier.weight | MISSING | 
classifier.bias   | MISSING | 

Notes:
- MISSING:	those params were newly initialized because missing from the checkpoint. Consider training on your downstream task.
CE epoch 1: 64/2,096,022, loss 0.68551
CE epoch 1: 12,864/2,096,022, loss 0.69160
CE epoch 1: 25,664/2,096,022, loss 0.68483
CE epoch 1: 38,464/2,096,022, loss 0.66444
CE epoch 1: 51,264/2,096,022, loss 0.62734
CE epoch 1: 64,064/2,096,022, loss 0.58861
CE epoch 1: 76,864/2,096,022, loss 0.55404
CE epoch 1: 89,664/2,096,022, loss 0.52511
CE epoch 1: 102,464/2,096,022, loss 0.49994
CE epoch 1: 115,264/2,096,022, loss 0.47709
CE epoch 1: 128,064/2,096,022, loss 0.45607
CE epoch 1: 140,864/2,096,022, loss 0.43768
CE epoch 1: 153,664/2,096,022, loss 0.42049
CE epoch 1: 166,464/2,096,022, loss 0.40557
CE epoch 1: 179,264/2,096,022, loss 0.39131
CE epoch 1: 192,064/2,096,022, loss 0.37860
CE epoch 1: 204,864/2,096,022, loss 0.36693
CE epoch 1: 217,664/2,096,022, loss 0.35637
CE epoch 1: 230,464/2,096,022, loss 0.34719
CE epoch 1: 243,264/2,096,022, loss 0.33840
CE epoch 1: 256,064/2,096,022, loss 0.33030
CE epoch 1: 268,864/2,096,022, loss 0.32260
CE epoch 1: 281,664/2,096,022, loss 0.31520
CE epoch 1: 294,464/2,096,022, loss 0.30835
CE epoch 1: 307,264/2,096,022, loss 0.30223
CE epoch 1: 320,064/2,096,022, loss 0.29647
CE epoch 1: 332,864/2,096,022, loss 0.29099
CE epoch 1: 345,664/2,096,022, loss 0.28581
CE epoch 1: 358,464/2,096,022, loss 0.28100
CE epoch 1: 371,264/2,096,022, loss 0.27671
CE epoch 1: 384,064/2,096,022, loss 0.27241
CE epoch 1: 396,864/2,096,022, loss 0.26838
CE epoch 1: 409,664/2,096,022, loss 0.26436
CE epoch 1: 422,464/2,096,022, loss 0.26073
CE epoch 1: 435,264/2,096,022, loss 0.25680
CE epoch 1: 448,064/2,096,022, loss 0.25336
CE epoch 1: 460,864/2,096,022, loss 0.24995
CE epoch 1: 473,664/2,096,022, loss 0.24680
CE epoch 1: 486,464/2,096,022, loss 0.24355
CE epoch 1: 499,264/2,096,022, loss 0.24054
CE epoch 1: 512,064/2,096,022, loss 0.23769
CE epoch 1: 524,864/2,096,022, loss 0.23507
CE epoch 1: 537,664/2,096,022, loss 0.23231
CE epoch 1: 550,464/2,096,022, loss 0.22971
CE epoch 1: 563,264/2,096,022, loss 0.22729
CE epoch 1: 576,064/2,096,022, loss 0.22491
CE epoch 1: 588,864/2,096,022, loss 0.22271
CE epoch 1: 601,664/2,096,022, loss 0.22060
CE epoch 1: 614,464/2,096,022, loss 0.21835
CE epoch 1: 627,264/2,096,022, loss 0.21639
CE epoch 1: 640,064/2,096,022, loss 0.21443
CE epoch 1: 652,864/2,096,022, loss 0.21248
CE epoch 1: 665,664/2,096,022, loss 0.21053
CE epoch 1: 678,464/2,096,022, loss 0.20875
CE epoch 1: 691,264/2,096,022, loss 0.20701
CE epoch 1: 704,064/2,096,022, loss 0.20547
CE epoch 1: 716,864/2,096,022, loss 0.20376
CE epoch 1: 729,664/2,096,022, loss 0.20210
CE epoch 1: 742,464/2,096,022, loss 0.20043
CE epoch 1: 755,264/2,096,022, loss 0.19886
CE epoch 1: 768,064/2,096,022, loss 0.19731
CE epoch 1: 780,864/2,096,022, loss 0.19589
CE epoch 1: 793,664/2,096,022, loss 0.19448
CE epoch 1: 806,464/2,096,022, loss 0.19307
CE epoch 1: 819,264/2,096,022, loss 0.19177
CE epoch 1: 832,064/2,096,022, loss 0.19046
CE epoch 1: 844,864/2,096,022, loss 0.18920
CE epoch 1: 857,664/2,096,022, loss 0.18788
CE epoch 1: 870,464/2,096,022, loss 0.18668
CE epoch 1: 883,264/2,096,022, loss 0.18552
CE epoch 1: 896,064/2,096,022, loss 0.18442
CE epoch 1: 908,864/2,096,022, loss 0.18331
CE epoch 1: 921,664/2,096,022, loss 0.18219
CE epoch 1: 934,464/2,096,022, loss 0.18120
CE epoch 1: 947,264/2,096,022, loss 0.18006
CE epoch 1: 960,064/2,096,022, loss 0.17903
CE epoch 1: 972,864/2,096,022, loss 0.17814
CE epoch 1: 985,664/2,096,022, loss 0.17725
CE epoch 1: 998,464/2,096,022, loss 0.17634
CE epoch 1: 1,011,264/2,096,022, loss 0.17539
CE epoch 1: 1,024,064/2,096,022, loss 0.17443
CE epoch 1: 1,036,864/2,096,022, loss 0.17356
CE epoch 1: 1,049,664/2,096,022, loss 0.17271
CE epoch 1: 1,062,464/2,096,022, loss 0.17183
CE epoch 1: 1,075,264/2,096,022, loss 0.17095
CE epoch 1: 1,088,064/2,096,022, loss 0.17013
CE epoch 1: 1,100,864/2,096,022, loss 0.16928
CE epoch 1: 1,113,664/2,096,022, loss 0.16837
CE epoch 1: 1,126,464/2,096,022, loss 0.16760
CE epoch 1: 1,139,264/2,096,022, loss 0.16683
CE epoch 1: 1,152,064/2,096,022, loss 0.16602
CE epoch 1: 1,164,864/2,096,022, loss 0.16529
CE epoch 1: 1,177,664/2,096,022, loss 0.16455
CE epoch 1: 1,190,464/2,096,022, loss 0.16376
CE epoch 1: 1,203,264/2,096,022, loss 0.16299
CE epoch 1: 1,216,064/2,096,022, loss 0.16230
CE epoch 1: 1,228,864/2,096,022, loss 0.16155
CE epoch 1: 1,241,664/2,096,022, loss 0.16089
CE epoch 1: 1,254,464/2,096,022, loss 0.16026
CE epoch 1: 1,267,264/2,096,022, loss 0.15963
CE epoch 1: 1,280,064/2,096,022, loss 0.15897
CE epoch 1: 1,292,864/2,096,022, loss 0.15831
CE epoch 1: 1,305,664/2,096,022, loss 0.15778
CE epoch 1: 1,318,464/2,096,022, loss 0.15721
CE epoch 1: 1,331,264/2,096,022, loss 0.15659
CE epoch 1: 1,344,064/2,096,022, loss 0.15595
CE epoch 1: 1,356,864/2,096,022, loss 0.15535
CE epoch 1: 1,369,664/2,096,022, loss 0.15471
CE epoch 1: 1,382,464/2,096,022, loss 0.15412
CE epoch 1: 1,395,264/2,096,022, loss 0.15356
CE epoch 1: 1,408,064/2,096,022, loss 0.15301
CE epoch 1: 1,420,864/2,096,022, loss 0.15246
CE epoch 1: 1,433,664/2,096,022, loss 0.15193
CE epoch 1: 1,446,464/2,096,022, loss 0.15137
CE epoch 1: 1,459,264/2,096,022, loss 0.15082
CE epoch 1: 1,472,064/2,096,022, loss 0.15033
CE epoch 1: 1,484,864/2,096,022, loss 0.14980
CE epoch 1: 1,497,664/2,096,022, loss 0.14931
CE epoch 1: 1,510,464/2,096,022, loss 0.14879
CE epoch 1: 1,523,264/2,096,022, loss 0.14828
CE epoch 1: 1,536,064/2,096,022, loss 0.14779
CE epoch 1: 1,548,864/2,096,022, loss 0.14735
CE epoch 1: 1,561,664/2,096,022, loss 0.14685
CE epoch 1: 1,574,464/2,096,022, loss 0.14636
CE epoch 1: 1,587,264/2,096,022, loss 0.14590
CE epoch 1: 1,600,064/2,096,022, loss 0.14546
CE epoch 1: 1,612,864/2,096,022, loss 0.14501
CE epoch 1: 1,625,664/2,096,022, loss 0.14461
CE epoch 1: 1,638,464/2,096,022, loss 0.14421
CE epoch 1: 1,651,264/2,096,022, loss 0.14379
CE epoch 1: 1,664,064/2,096,022, loss 0.14335
CE epoch 1: 1,676,864/2,096,022, loss 0.14293
CE epoch 1: 1,689,664/2,096,022, loss 0.14248
CE epoch 1: 1,702,464/2,096,022, loss 0.14211
CE epoch 1: 1,715,264/2,096,022, loss 0.14169
CE epoch 1: 1,728,064/2,096,022, loss 0.14130
CE epoch 1: 1,740,864/2,096,022, loss 0.14089
CE epoch 1: 1,753,664/2,096,022, loss 0.14049
CE epoch 1: 1,766,464/2,096,022, loss 0.14011
CE epoch 1: 1,779,264/2,096,022, loss 0.13971
CE epoch 1: 1,792,064/2,096,022, loss 0.13934
CE epoch 1: 1,804,864/2,096,022, loss 0.13897
CE epoch 1: 1,817,664/2,096,022, loss 0.13856
CE epoch 1: 1,830,464/2,096,022, loss 0.13820
CE epoch 1: 1,843,264/2,096,022, loss 0.13786
CE epoch 1: 1,856,064/2,096,022, loss 0.13747
CE epoch 1: 1,868,864/2,096,022, loss 0.13712
CE epoch 1: 1,881,664/2,096,022, loss 0.13674
CE epoch 1: 1,894,464/2,096,022, loss 0.13640
CE epoch 1: 1,907,264/2,096,022, loss 0.13610
CE epoch 1: 1,920,064/2,096,022, loss 0.13577
CE epoch 1: 1,932,864/2,096,022, loss 0.13544
CE epoch 1: 1,945,664/2,096,022, loss 0.13512
CE epoch 1: 1,958,464/2,096,022, loss 0.13474
CE epoch 1: 1,971,264/2,096,022, loss 0.13439
CE epoch 1: 1,984,064/2,096,022, loss 0.13407
CE epoch 1: 1,996,864/2,096,022, loss 0.13377
CE epoch 1: 2,009,664/2,096,022, loss 0.13348
CE epoch 1: 2,022,464/2,096,022, loss 0.13318
CE epoch 1: 2,035,264/2,096,022, loss 0.13290
CE epoch 1: 2,048,064/2,096,022, loss 0.13259
CE epoch 1: 2,060,864/2,096,022, loss 0.13229
CE epoch 1: 2,073,664/2,096,022, loss 0.13196
CE epoch 1: 2,086,464/2,096,022, loss 0.13167
{'epoch': 1, 'train_loss': 0.1314478169216631, 'fold9_loss': 0.05494767799973488}
Writing model shards:   0%|          | 0/1 [00:00<?, ?it/s]Writing model shards: 100%|██████████| 1/1 [00:00<00:00,  1.73it/s]Writing model shards: 100%|██████████| 1/1 [00:00<00:00,  1.72it/s]
CE epoch 2: 64/2,096,022, loss 0.02914
CE epoch 2: 12,864/2,096,022, loss 0.07963
CE epoch 2: 25,664/2,096,022, loss 0.07761
CE epoch 2: 38,464/2,096,022, loss 0.07765
CE epoch 2: 51,264/2,096,022, loss 0.07790
CE epoch 2: 64,064/2,096,022, loss 0.07820
CE epoch 2: 76,864/2,096,022, loss 0.07751
CE epoch 2: 89,664/2,096,022, loss 0.07717
CE epoch 2: 102,464/2,096,022, loss 0.07736
CE epoch 2: 115,264/2,096,022, loss 0.07759
CE epoch 2: 128,064/2,096,022, loss 0.07795
CE epoch 2: 140,864/2,096,022, loss 0.07769
CE epoch 2: 153,664/2,096,022, loss 0.07754
CE epoch 2: 166,464/2,096,022, loss 0.07790
CE epoch 2: 179,264/2,096,022, loss 0.07776
CE epoch 2: 192,064/2,096,022, loss 0.07795
CE epoch 2: 204,864/2,096,022, loss 0.07822
CE epoch 2: 217,664/2,096,022, loss 0.07821
CE epoch 2: 230,464/2,096,022, loss 0.07826
CE epoch 2: 243,264/2,096,022, loss 0.07828
CE epoch 2: 256,064/2,096,022, loss 0.07858
CE epoch 2: 268,864/2,096,022, loss 0.07853
CE epoch 2: 281,664/2,096,022, loss 0.07851
CE epoch 2: 294,464/2,096,022, loss 0.07864
CE epoch 2: 307,264/2,096,022, loss 0.07848
CE epoch 2: 320,064/2,096,022, loss 0.07860
CE epoch 2: 332,864/2,096,022, loss 0.07860
CE epoch 2: 345,664/2,096,022, loss 0.07856
CE epoch 2: 358,464/2,096,022, loss 0.07870
CE epoch 2: 371,264/2,096,022, loss 0.07862
CE epoch 2: 384,064/2,096,022, loss 0.07883
CE epoch 2: 396,864/2,096,022, loss 0.07878
CE epoch 2: 409,664/2,096,022, loss 0.07870
CE epoch 2: 422,464/2,096,022, loss 0.07859
CE epoch 2: 435,264/2,096,022, loss 0.07851
CE epoch 2: 448,064/2,096,022, loss 0.07844
CE epoch 2: 460,864/2,096,022, loss 0.07839
CE epoch 2: 473,664/2,096,022, loss 0.07832
CE epoch 2: 486,464/2,096,022, loss 0.07836
CE epoch 2: 499,264/2,096,022, loss 0.07838
CE epoch 2: 512,064/2,096,022, loss 0.07833
CE epoch 2: 524,864/2,096,022, loss 0.07821
CE epoch 2: 537,664/2,096,022, loss 0.07827
CE epoch 2: 550,464/2,096,022, loss 0.07828
CE epoch 2: 563,264/2,096,022, loss 0.07829
CE epoch 2: 576,064/2,096,022, loss 0.07831
CE epoch 2: 588,864/2,096,022, loss 0.07837
CE epoch 2: 601,664/2,096,022, loss 0.07839
CE epoch 2: 614,464/2,096,022, loss 0.07827
CE epoch 2: 627,264/2,096,022, loss 0.07824
CE epoch 2: 640,064/2,096,022, loss 0.07822
CE epoch 2: 652,864/2,096,022, loss 0.07814
CE epoch 2: 665,664/2,096,022, loss 0.07806
CE epoch 2: 678,464/2,096,022, loss 0.07795
CE epoch 2: 691,264/2,096,022, loss 0.07799
CE epoch 2: 704,064/2,096,022, loss 0.07805
CE epoch 2: 716,864/2,096,022, loss 0.07804
CE epoch 2: 729,664/2,096,022, loss 0.07803
CE epoch 2: 742,464/2,096,022, loss 0.07803
CE epoch 2: 755,264/2,096,022, loss 0.07796
CE epoch 2: 768,064/2,096,022, loss 0.07794
CE epoch 2: 780,864/2,096,022, loss 0.07796
CE epoch 2: 793,664/2,096,022, loss 0.07793
CE epoch 2: 806,464/2,096,022, loss 0.07793
CE epoch 2: 819,264/2,096,022, loss 0.07787
CE epoch 2: 832,064/2,096,022, loss 0.07775
CE epoch 2: 844,864/2,096,022, loss 0.07768
CE epoch 2: 857,664/2,096,022, loss 0.07769
CE epoch 2: 870,464/2,096,022, loss 0.07765
CE epoch 2: 883,264/2,096,022, loss 0.07767
CE epoch 2: 896,064/2,096,022, loss 0.07767
CE epoch 2: 908,864/2,096,022, loss 0.07761
CE epoch 2: 921,664/2,096,022, loss 0.07760
CE epoch 2: 934,464/2,096,022, loss 0.07759
CE epoch 2: 947,264/2,096,022, loss 0.07750
CE epoch 2: 960,064/2,096,022, loss 0.07756
CE epoch 2: 972,864/2,096,022, loss 0.07754
CE epoch 2: 985,664/2,096,022, loss 0.07750
CE epoch 2: 998,464/2,096,022, loss 0.07742
CE epoch 2: 1,011,264/2,096,022, loss 0.07735
CE epoch 2: 1,024,064/2,096,022, loss 0.07731
CE epoch 2: 1,036,864/2,096,022, loss 0.07723
CE epoch 2: 1,049,664/2,096,022, loss 0.07720
CE epoch 2: 1,062,464/2,096,022, loss 0.07720
CE epoch 2: 1,075,264/2,096,022, loss 0.07720
CE epoch 2: 1,088,064/2,096,022, loss 0.07716
CE epoch 2: 1,100,864/2,096,022, loss 0.07711
CE epoch 2: 1,113,664/2,096,022, loss 0.07708
CE epoch 2: 1,126,464/2,096,022, loss 0.07702
CE epoch 2: 1,139,264/2,096,022, loss 0.07697
CE epoch 2: 1,152,064/2,096,022, loss 0.07691
CE epoch 2: 1,164,864/2,096,022, loss 0.07691
CE epoch 2: 1,177,664/2,096,022, loss 0.07687
CE epoch 2: 1,190,464/2,096,022, loss 0.07686
CE epoch 2: 1,203,264/2,096,022, loss 0.07681
CE epoch 2: 1,216,064/2,096,022, loss 0.07679
CE epoch 2: 1,228,864/2,096,022, loss 0.07677
CE epoch 2: 1,241,664/2,096,022, loss 0.07674
CE epoch 2: 1,254,464/2,096,022, loss 0.07677
CE epoch 2: 1,267,264/2,096,022, loss 0.07677
CE epoch 2: 1,280,064/2,096,022, loss 0.07677
CE epoch 2: 1,292,864/2,096,022, loss 0.07665
CE epoch 2: 1,305,664/2,096,022, loss 0.07665
CE epoch 2: 1,318,464/2,096,022, loss 0.07661
CE epoch 2: 1,331,264/2,096,022, loss 0.07658
CE epoch 2: 1,344,064/2,096,022, loss 0.07655
CE epoch 2: 1,356,864/2,096,022, loss 0.07655
CE epoch 2: 1,369,664/2,096,022, loss 0.07651
CE epoch 2: 1,382,464/2,096,022, loss 0.07647
CE epoch 2: 1,395,264/2,096,022, loss 0.07646
CE epoch 2: 1,408,064/2,096,022, loss 0.07641
CE epoch 2: 1,420,864/2,096,022, loss 0.07642
CE epoch 2: 1,433,664/2,096,022, loss 0.07637
CE epoch 2: 1,446,464/2,096,022, loss 0.07632
CE epoch 2: 1,459,264/2,096,022, loss 0.07626
CE epoch 2: 1,472,064/2,096,022, loss 0.07620
CE epoch 2: 1,484,864/2,096,022, loss 0.07624
CE epoch 2: 1,497,664/2,096,022, loss 0.07617
CE epoch 2: 1,510,464/2,096,022, loss 0.07616
CE epoch 2: 1,523,264/2,096,022, loss 0.07615
CE epoch 2: 1,536,064/2,096,022, loss 0.07615
CE epoch 2: 1,548,864/2,096,022, loss 0.07614
CE epoch 2: 1,561,664/2,096,022, loss 0.07609
CE epoch 2: 1,574,464/2,096,022, loss 0.07605
CE epoch 2: 1,587,264/2,096,022, loss 0.07602
CE epoch 2: 1,600,064/2,096,022, loss 0.07602
CE epoch 2: 1,612,864/2,096,022, loss 0.07594
CE epoch 2: 1,625,664/2,096,022, loss 0.07587
CE epoch 2: 1,638,464/2,096,022, loss 0.07582
CE epoch 2: 1,651,264/2,096,022, loss 0.07582
CE epoch 2: 1,664,064/2,096,022, loss 0.07579
CE epoch 2: 1,676,864/2,096,022, loss 0.07573
CE epoch 2: 1,689,664/2,096,022, loss 0.07568
CE epoch 2: 1,702,464/2,096,022, loss 0.07562
CE epoch 2: 1,715,264/2,096,022, loss 0.07559
CE epoch 2: 1,728,064/2,096,022, loss 0.07556
CE epoch 2: 1,740,864/2,096,022, loss 0.07554
CE epoch 2: 1,753,664/2,096,022, loss 0.07550
CE epoch 2: 1,766,464/2,096,022, loss 0.07549
CE epoch 2: 1,779,264/2,096,022, loss 0.07550
CE epoch 2: 1,792,064/2,096,022, loss 0.07546
CE epoch 2: 1,804,864/2,096,022, loss 0.07542
CE epoch 2: 1,817,664/2,096,022, loss 0.07544
CE epoch 2: 1,830,464/2,096,022, loss 0.07542
CE epoch 2: 1,843,264/2,096,022, loss 0.07538
CE epoch 2: 1,856,064/2,096,022, loss 0.07536
CE epoch 2: 1,868,864/2,096,022, loss 0.07531
CE epoch 2: 1,881,664/2,096,022, loss 0.07530
CE epoch 2: 1,894,464/2,096,022, loss 0.07525
CE epoch 2: 1,907,264/2,096,022, loss 0.07524
CE epoch 2: 1,920,064/2,096,022, loss 0.07519
CE epoch 2: 1,932,864/2,096,022, loss 0.07514
CE epoch 2: 1,945,664/2,096,022, loss 0.07511
CE epoch 2: 1,958,464/2,096,022, loss 0.07511
CE epoch 2: 1,971,264/2,096,022, loss 0.07511
CE epoch 2: 1,984,064/2,096,022, loss 0.07507
CE epoch 2: 1,996,864/2,096,022, loss 0.07503
CE epoch 2: 2,009,664/2,096,022, loss 0.07500
CE epoch 2: 2,022,464/2,096,022, loss 0.07497
CE epoch 2: 2,035,264/2,096,022, loss 0.07495
CE epoch 2: 2,048,064/2,096,022, loss 0.07490
CE epoch 2: 2,060,864/2,096,022, loss 0.07489
CE epoch 2: 2,073,664/2,096,022, loss 0.07485
CE epoch 2: 2,086,464/2,096,022, loss 0.07483
{'epoch': 2, 'train_loss': 0.0747908558561548, 'fold9_loss': 0.04356846213340759}
Writing model shards:   0%|          | 0/1 [00:00<?, ?it/s]Writing model shards: 100%|██████████| 1/1 [00:02<00:00,  2.56s/it]Writing model shards: 100%|██████████| 1/1 [00:02<00:00,  2.56s/it]
CE epoch 3: 64/2,096,022, loss 0.04502
CE epoch 3: 12,864/2,096,022, loss 0.06936
CE epoch 3: 25,664/2,096,022, loss 0.06775
CE epoch 3: 38,464/2,096,022, loss 0.06739
CE epoch 3: 51,264/2,096,022, loss 0.06798
CE epoch 3: 64,064/2,096,022, loss 0.06766
CE epoch 3: 76,864/2,096,022, loss 0.06769
CE epoch 3: 89,664/2,096,022, loss 0.06793
CE epoch 3: 102,464/2,096,022, loss 0.06796
CE epoch 3: 115,264/2,096,022, loss 0.06784
CE epoch 3: 128,064/2,096,022, loss 0.06817
CE epoch 3: 140,864/2,096,022, loss 0.06811
CE epoch 3: 153,664/2,096,022, loss 0.06786
CE epoch 3: 166,464/2,096,022, loss 0.06789
CE epoch 3: 179,264/2,096,022, loss 0.06779
CE epoch 3: 192,064/2,096,022, loss 0.06774
CE epoch 3: 204,864/2,096,022, loss 0.06796
CE epoch 3: 217,664/2,096,022, loss 0.06806
CE epoch 3: 230,464/2,096,022, loss 0.06810
CE epoch 3: 243,264/2,096,022, loss 0.06825
CE epoch 3: 256,064/2,096,022, loss 0.06803
CE epoch 3: 268,864/2,096,022, loss 0.06784
CE epoch 3: 281,664/2,096,022, loss 0.06792
CE epoch 3: 294,464/2,096,022, loss 0.06803
CE epoch 3: 307,264/2,096,022, loss 0.06803
CE epoch 3: 320,064/2,096,022, loss 0.06789
CE epoch 3: 332,864/2,096,022, loss 0.06771
CE epoch 3: 345,664/2,096,022, loss 0.06759
CE epoch 3: 358,464/2,096,022, loss 0.06769
CE epoch 3: 371,264/2,096,022, loss 0.06776
CE epoch 3: 384,064/2,096,022, loss 0.06803
CE epoch 3: 396,864/2,096,022, loss 0.06798
CE epoch 3: 409,664/2,096,022, loss 0.06794
CE epoch 3: 422,464/2,096,022, loss 0.06784
CE epoch 3: 435,264/2,096,022, loss 0.06770
CE epoch 3: 448,064/2,096,022, loss 0.06772
CE epoch 3: 460,864/2,096,022, loss 0.06780
CE epoch 3: 473,664/2,096,022, loss 0.06769
CE epoch 3: 486,464/2,096,022, loss 0.06765
CE epoch 3: 499,264/2,096,022, loss 0.06764
CE epoch 3: 512,064/2,096,022, loss 0.06754
CE epoch 3: 524,864/2,096,022, loss 0.06751
CE epoch 3: 537,664/2,096,022, loss 0.06748
CE epoch 3: 550,464/2,096,022, loss 0.06735
CE epoch 3: 563,264/2,096,022, loss 0.06725
CE epoch 3: 576,064/2,096,022, loss 0.06715
CE epoch 3: 588,864/2,096,022, loss 0.06707
CE epoch 3: 601,664/2,096,022, loss 0.06701
CE epoch 3: 614,464/2,096,022, loss 0.06703
CE epoch 3: 627,264/2,096,022, loss 0.06696
CE epoch 3: 640,064/2,096,022, loss 0.06701
CE epoch 3: 652,864/2,096,022, loss 0.06700
CE epoch 3: 665,664/2,096,022, loss 0.06697
CE epoch 3: 678,464/2,096,022, loss 0.06692
CE epoch 3: 691,264/2,096,022, loss 0.06691
CE epoch 3: 704,064/2,096,022, loss 0.06685
CE epoch 3: 716,864/2,096,022, loss 0.06678
CE epoch 3: 729,664/2,096,022, loss 0.06681
CE epoch 3: 742,464/2,096,022, loss 0.06673
CE epoch 3: 755,264/2,096,022, loss 0.06668
CE epoch 3: 768,064/2,096,022, loss 0.06669
CE epoch 3: 780,864/2,096,022, loss 0.06667
CE epoch 3: 793,664/2,096,022, loss 0.06673
CE epoch 3: 806,464/2,096,022, loss 0.06678
CE epoch 3: 819,264/2,096,022, loss 0.06678
CE epoch 3: 832,064/2,096,022, loss 0.06675
CE epoch 3: 844,864/2,096,022, loss 0.06674
CE epoch 3: 857,664/2,096,022, loss 0.06670
CE epoch 3: 870,464/2,096,022, loss 0.06672
CE epoch 3: 883,264/2,096,022, loss 0.06662
CE epoch 3: 896,064/2,096,022, loss 0.06667
CE epoch 3: 908,864/2,096,022, loss 0.06672
CE epoch 3: 921,664/2,096,022, loss 0.06670
CE epoch 3: 934,464/2,096,022, loss 0.06673
CE epoch 3: 947,264/2,096,022, loss 0.06678
CE epoch 3: 960,064/2,096,022, loss 0.06679
CE epoch 3: 972,864/2,096,022, loss 0.06682
CE epoch 3: 985,664/2,096,022, loss 0.06686
CE epoch 3: 998,464/2,096,022, loss 0.06686
CE epoch 3: 1,011,264/2,096,022, loss 0.06684
CE epoch 3: 1,024,064/2,096,022, loss 0.06686
CE epoch 3: 1,036,864/2,096,022, loss 0.06683
CE epoch 3: 1,049,664/2,096,022, loss 0.06688
CE epoch 3: 1,062,464/2,096,022, loss 0.06685
CE epoch 3: 1,075,264/2,096,022, loss 0.06681
CE epoch 3: 1,088,064/2,096,022, loss 0.06677
CE epoch 3: 1,100,864/2,096,022, loss 0.06675
CE epoch 3: 1,113,664/2,096,022, loss 0.06680
CE epoch 3: 1,126,464/2,096,022, loss 0.06681
CE epoch 3: 1,139,264/2,096,022, loss 0.06682
CE epoch 3: 1,152,064/2,096,022, loss 0.06684
CE epoch 3: 1,164,864/2,096,022, loss 0.06683
CE epoch 3: 1,177,664/2,096,022, loss 0.06681
CE epoch 3: 1,190,464/2,096,022, loss 0.06677
CE epoch 3: 1,203,264/2,096,022, loss 0.06680
CE epoch 3: 1,216,064/2,096,022, loss 0.06679
CE epoch 3: 1,228,864/2,096,022, loss 0.06676
CE epoch 3: 1,241,664/2,096,022, loss 0.06676
CE epoch 3: 1,254,464/2,096,022, loss 0.06675
CE epoch 3: 1,267,264/2,096,022, loss 0.06675
CE epoch 3: 1,280,064/2,096,022, loss 0.06675
CE epoch 3: 1,292,864/2,096,022, loss 0.06671
CE epoch 3: 1,305,664/2,096,022, loss 0.06665
CE epoch 3: 1,318,464/2,096,022, loss 0.06663
CE epoch 3: 1,331,264/2,096,022, loss 0.06662
CE epoch 3: 1,344,064/2,096,022, loss 0.06663
CE epoch 3: 1,356,864/2,096,022, loss 0.06669
CE epoch 3: 1,369,664/2,096,022, loss 0.06670
CE epoch 3: 1,382,464/2,096,022, loss 0.06673
CE epoch 3: 1,395,264/2,096,022, loss 0.06673
CE epoch 3: 1,408,064/2,096,022, loss 0.06673
CE epoch 3: 1,420,864/2,096,022, loss 0.06669
CE epoch 3: 1,433,664/2,096,022, loss 0.06669
CE epoch 3: 1,446,464/2,096,022, loss 0.06668
CE epoch 3: 1,459,264/2,096,022, loss 0.06665
CE epoch 3: 1,472,064/2,096,022, loss 0.06668
CE epoch 3: 1,484,864/2,096,022, loss 0.06665
CE epoch 3: 1,497,664/2,096,022, loss 0.06664
CE epoch 3: 1,510,464/2,096,022, loss 0.06660
CE epoch 3: 1,523,264/2,096,022, loss 0.06659
CE epoch 3: 1,536,064/2,096,022, loss 0.06656
CE epoch 3: 1,548,864/2,096,022, loss 0.06653
CE epoch 3: 1,561,664/2,096,022, loss 0.06655
CE epoch 3: 1,574,464/2,096,022, loss 0.06656
CE epoch 3: 1,587,264/2,096,022, loss 0.06656
CE epoch 3: 1,600,064/2,096,022, loss 0.06656
CE epoch 3: 1,612,864/2,096,022, loss 0.06654
CE epoch 3: 1,625,664/2,096,022, loss 0.06653
CE epoch 3: 1,638,464/2,096,022, loss 0.06650
CE epoch 3: 1,651,264/2,096,022, loss 0.06649
CE epoch 3: 1,664,064/2,096,022, loss 0.06650
CE epoch 3: 1,676,864/2,096,022, loss 0.06646
CE epoch 3: 1,689,664/2,096,022, loss 0.06644
CE epoch 3: 1,702,464/2,096,022, loss 0.06638
CE epoch 3: 1,715,264/2,096,022, loss 0.06638
CE epoch 3: 1,728,064/2,096,022, loss 0.06637
CE epoch 3: 1,740,864/2,096,022, loss 0.06636
CE epoch 3: 1,753,664/2,096,022, loss 0.06636
CE epoch 3: 1,766,464/2,096,022, loss 0.06638
CE epoch 3: 1,779,264/2,096,022, loss 0.06635
CE epoch 3: 1,792,064/2,096,022, loss 0.06634
CE epoch 3: 1,804,864/2,096,022, loss 0.06632
CE epoch 3: 1,817,664/2,096,022, loss 0.06637
CE epoch 3: 1,830,464/2,096,022, loss 0.06635
CE epoch 3: 1,843,264/2,096,022, loss 0.06635
CE epoch 3: 1,856,064/2,096,022, loss 0.06635
CE epoch 3: 1,868,864/2,096,022, loss 0.06634
CE epoch 3: 1,881,664/2,096,022, loss 0.06636
CE epoch 3: 1,894,464/2,096,022, loss 0.06634
CE epoch 3: 1,907,264/2,096,022, loss 0.06633
CE epoch 3: 1,920,064/2,096,022, loss 0.06629
CE epoch 3: 1,932,864/2,096,022, loss 0.06627
CE epoch 3: 1,945,664/2,096,022, loss 0.06624
CE epoch 3: 1,958,464/2,096,022, loss 0.06624
CE epoch 3: 1,971,264/2,096,022, loss 0.06623
CE epoch 3: 1,984,064/2,096,022, loss 0.06621
CE epoch 3: 1,996,864/2,096,022, loss 0.06621
CE epoch 3: 2,009,664/2,096,022, loss 0.06619
CE epoch 3: 2,022,464/2,096,022, loss 0.06619
CE epoch 3: 2,035,264/2,096,022, loss 0.06617
CE epoch 3: 2,048,064/2,096,022, loss 0.06617
CE epoch 3: 2,060,864/2,096,022, loss 0.06615
CE epoch 3: 2,073,664/2,096,022, loss 0.06611
CE epoch 3: 2,086,464/2,096,022, loss 0.06607
{'epoch': 3, 'train_loss': 0.06605305836022785, 'fold9_loss': 0.04229864105582237}
Writing model shards:   0%|          | 0/1 [00:00<?, ?it/s]Writing model shards: 100%|██████████| 1/1 [00:02<00:00,  2.76s/it]Writing model shards: 100%|██████████| 1/1 [00:02<00:00,  2.76s/it]
