indexing India: 4,133,346 targets
  block 2,000/883,094 joined=3,309,102 elapsed=1s
  block 4,000/883,094 joined=3,378,136 elapsed=1s
  block 6,000/883,094 joined=3,368,675 elapsed=1s
  block 8,000/883,094 joined=3,404,032 elapsed=2s
  block 10,000/883,094 joined=3,447,349 elapsed=3s
  block 12,000/883,094 joined=3,431,536 elapsed=3s
  block 14,000/883,094 joined=3,386,094 elapsed=4s
  block 16,000/883,094 joined=3,435,510 elapsed=4s
  block 18,000/883,094 joined=3,420,708 elapsed=5s
  block 20,000/883,094 joined=3,427,744 elapsed=5s
  block 22,000/883,094 joined=3,510,720 elapsed=6s
  block 24,000/883,094 joined=3,495,866 elapsed=6s
  block 26,000/883,094 joined=3,467,896 elapsed=7s
  block 28,000/883,094 joined=3,399,607 elapsed=7s
  block 30,000/883,094 joined=3,505,284 elapsed=8s
  block 32,000/883,094 joined=3,457,598 elapsed=8s
  block 34,000/883,094 joined=3,603,947 elapsed=9s
  block 36,000/883,094 joined=3,508,499 elapsed=9s
  block 38,000/883,094 joined=3,491,888 elapsed=10s
  block 40,000/883,094 joined=3,431,547 elapsed=10s
  block 42,000/883,094 joined=3,493,535 elapsed=11s
  block 44,000/883,094 joined=3,444,038 elapsed=11s
  block 46,000/883,094 joined=3,390,244 elapsed=12s
  block 48,000/883,094 joined=3,540,376 elapsed=12s
  block 50,000/883,094 joined=3,416,383 elapsed=13s
  block 52,000/883,094 joined=3,405,655 elapsed=13s
  block 54,000/883,094 joined=3,468,783 elapsed=14s
  block 56,000/883,094 joined=3,461,776 elapsed=14s
  block 58,000/883,094 joined=3,462,895 elapsed=15s
  block 60,000/883,094 joined=3,432,271 elapsed=15s
  block 62,000/883,094 joined=3,460,305 elapsed=16s
  block 64,000/883,094 joined=3,315,885 elapsed=16s
  block 66,000/883,094 joined=3,537,123 elapsed=17s
  block 68,000/883,094 joined=3,402,088 elapsed=17s
  block 70,000/883,094 joined=3,363,565 elapsed=18s
  block 72,000/883,094 joined=3,467,567 elapsed=18s
  block 74,000/883,094 joined=3,369,469 elapsed=19s
  block 76,000/883,094 joined=3,423,687 elapsed=19s
  block 78,000/883,094 joined=3,465,124 elapsed=20s
  block 80,000/883,094 joined=3,514,057 elapsed=20s
  block 82,000/883,094 joined=3,520,159 elapsed=21s
  block 84,000/883,094 joined=3,575,593 elapsed=22s
  block 86,000/883,094 joined=3,535,454 elapsed=22s
  block 88,000/883,094 joined=3,478,238 elapsed=23s
  block 90,000/883,094 joined=3,476,696 elapsed=23s
  block 92,000/883,094 joined=3,457,112 elapsed=24s
  block 94,000/883,094 joined=3,483,931 elapsed=24s
  block 96,000/883,094 joined=3,492,876 elapsed=25s
  block 98,000/883,094 joined=3,389,021 elapsed=25s
  block 100,000/883,094 joined=3,389,012 elapsed=26s
  block 102,000/883,094 joined=3,432,477 elapsed=26s
  block 104,000/883,094 joined=3,435,529 elapsed=27s
  block 106,000/883,094 joined=3,551,460 elapsed=27s
  block 108,000/883,094 joined=3,502,351 elapsed=28s
  block 110,000/883,094 joined=3,524,198 elapsed=28s
  block 112,000/883,094 joined=3,457,417 elapsed=29s
  block 114,000/883,094 joined=3,434,520 elapsed=29s
  block 116,000/883,094 joined=3,461,461 elapsed=30s
  block 118,000/883,094 joined=3,418,939 elapsed=30s
  block 120,000/883,094 joined=3,458,153 elapsed=31s
  block 122,000/883,094 joined=3,495,356 elapsed=31s
  block 124,000/883,094 joined=3,491,679 elapsed=32s
  block 126,000/883,094 joined=3,545,561 elapsed=32s
  block 128,000/883,094 joined=3,589,369 elapsed=33s
  block 130,000/883,094 joined=3,515,346 elapsed=33s
  block 132,000/883,094 joined=3,514,973 elapsed=34s
  block 134,000/883,094 joined=3,506,591 elapsed=35s
  block 136,000/883,094 joined=3,457,306 elapsed=35s
  block 138,000/883,094 joined=3,408,686 elapsed=36s
  block 140,000/883,094 joined=3,450,859 elapsed=36s
  block 142,000/883,094 joined=3,529,058 elapsed=37s
  block 144,000/883,094 joined=3,436,818 elapsed=37s
  block 146,000/883,094 joined=3,426,768 elapsed=38s
  block 148,000/883,094 joined=3,515,294 elapsed=38s
  block 150,000/883,094 joined=3,489,113 elapsed=39s
  block 152,000/883,094 joined=3,528,466 elapsed=39s
  block 154,000/883,094 joined=3,438,235 elapsed=40s
  block 156,000/883,094 joined=3,442,135 elapsed=40s
  block 158,000/883,094 joined=3,398,589 elapsed=41s
  block 160,000/883,094 joined=3,454,664 elapsed=41s
  block 162,000/883,094 joined=3,479,191 elapsed=42s
  block 164,000/883,094 joined=3,460,874 elapsed=42s
  block 166,000/883,094 joined=3,521,348 elapsed=43s
  block 168,000/883,094 joined=3,480,554 elapsed=43s
  block 170,000/883,094 joined=3,474,613 elapsed=44s
  block 172,000/883,094 joined=3,480,378 elapsed=44s
  block 174,000/883,094 joined=3,414,085 elapsed=45s
  block 176,000/883,094 joined=3,369,916 elapsed=45s
  block 178,000/883,094 joined=3,458,570 elapsed=46s
  block 180,000/883,094 joined=3,460,093 elapsed=46s
  block 182,000/883,094 joined=3,403,067 elapsed=47s
  block 184,000/883,094 joined=3,406,674 elapsed=47s
  block 186,000/883,094 joined=3,402,293 elapsed=48s
  block 188,000/883,094 joined=3,517,091 elapsed=48s
  block 190,000/883,094 joined=3,344,722 elapsed=49s
  block 192,000/883,094 joined=3,480,057 elapsed=49s
  block 194,000/883,094 joined=3,414,138 elapsed=50s
  block 196,000/883,094 joined=3,500,543 elapsed=50s
  block 198,000/883,094 joined=3,516,974 elapsed=51s
  block 200,000/883,094 joined=3,443,311 elapsed=51s
  block 202,000/883,094 joined=3,450,873 elapsed=52s
  block 204,000/883,094 joined=3,523,739 elapsed=53s
  block 206,000/883,094 joined=3,448,239 elapsed=53s
  block 208,000/883,094 joined=3,370,571 elapsed=54s
  block 210,000/883,094 joined=3,409,628 elapsed=54s
  block 212,000/883,094 joined=3,475,153 elapsed=55s
  block 214,000/883,094 joined=3,496,355 elapsed=55s
  block 216,000/883,094 joined=3,522,946 elapsed=56s
  block 218,000/883,094 joined=3,473,860 elapsed=56s
  block 220,000/883,094 joined=3,521,281 elapsed=57s
  block 222,000/883,094 joined=3,474,242 elapsed=57s
  block 224,000/883,094 joined=3,463,320 elapsed=58s
  block 226,000/883,094 joined=3,480,303 elapsed=58s
  block 228,000/883,094 joined=3,387,197 elapsed=59s
  block 230,000/883,094 joined=3,432,164 elapsed=59s
  block 232,000/883,094 joined=3,400,922 elapsed=60s
  block 234,000/883,094 joined=3,446,095 elapsed=60s
  block 236,000/883,094 joined=3,486,306 elapsed=61s
  block 238,000/883,094 joined=3,420,097 elapsed=61s
  block 240,000/883,094 joined=3,462,814 elapsed=62s
  block 242,000/883,094 joined=3,446,334 elapsed=62s
  block 244,000/883,094 joined=3,379,951 elapsed=63s
  block 246,000/883,094 joined=3,331,834 elapsed=63s
  block 248,000/883,094 joined=3,493,949 elapsed=64s
  block 250,000/883,094 joined=3,486,238 elapsed=64s
  block 252,000/883,094 joined=3,417,198 elapsed=65s
  block 254,000/883,094 joined=3,377,737 elapsed=65s
  block 256,000/883,094 joined=3,433,775 elapsed=66s
  block 258,000/883,094 joined=3,455,204 elapsed=66s
  block 260,000/883,094 joined=3,527,660 elapsed=67s
  block 262,000/883,094 joined=3,432,812 elapsed=68s
  block 264,000/883,094 joined=3,363,345 elapsed=68s
  block 266,000/883,094 joined=3,506,727 elapsed=68s
  block 268,000/883,094 joined=3,486,083 elapsed=69s
  block 270,000/883,094 joined=3,485,129 elapsed=70s
  block 272,000/883,094 joined=3,512,285 elapsed=70s
  block 274,000/883,094 joined=3,447,113 elapsed=71s
  block 276,000/883,094 joined=3,513,737 elapsed=71s
  block 278,000/883,094 joined=3,410,774 elapsed=72s
  block 280,000/883,094 joined=3,480,393 elapsed=72s
  block 282,000/883,094 joined=3,448,182 elapsed=73s
  block 284,000/883,094 joined=3,452,599 elapsed=73s
  block 286,000/883,094 joined=3,517,756 elapsed=74s
  block 288,000/883,094 joined=3,421,072 elapsed=74s
  block 290,000/883,094 joined=3,612,359 elapsed=75s
  block 292,000/883,094 joined=3,383,642 elapsed=75s
  block 294,000/883,094 joined=3,444,797 elapsed=76s
  block 296,000/883,094 joined=3,567,195 elapsed=76s
  block 298,000/883,094 joined=3,555,226 elapsed=77s
  block 300,000/883,094 joined=3,520,242 elapsed=77s
  block 302,000/883,094 joined=3,478,134 elapsed=78s
  block 304,000/883,094 joined=3,407,495 elapsed=78s
  block 306,000/883,094 joined=3,411,084 elapsed=79s
  block 308,000/883,094 joined=3,438,997 elapsed=79s
  block 310,000/883,094 joined=3,470,573 elapsed=80s
  block 312,000/883,094 joined=3,518,336 elapsed=80s
  block 314,000/883,094 joined=3,473,543 elapsed=81s
  block 316,000/883,094 joined=3,379,586 elapsed=81s
  block 318,000/883,094 joined=3,543,686 elapsed=82s
  block 320,000/883,094 joined=3,439,956 elapsed=82s
  block 322,000/883,094 joined=3,454,750 elapsed=83s
  block 324,000/883,094 joined=3,469,385 elapsed=83s
  block 326,000/883,094 joined=3,409,281 elapsed=84s
  block 328,000/883,094 joined=3,380,820 elapsed=84s
  block 330,000/883,094 joined=3,438,052 elapsed=85s
  block 332,000/883,094 joined=3,474,607 elapsed=85s
  block 334,000/883,094 joined=3,453,764 elapsed=86s
  block 336,000/883,094 joined=3,401,499 elapsed=86s
  block 338,000/883,094 joined=3,459,466 elapsed=87s
  block 340,000/883,094 joined=3,315,207 elapsed=88s
  block 342,000/883,094 joined=3,472,856 elapsed=88s
  block 344,000/883,094 joined=3,396,541 elapsed=89s
  block 346,000/883,094 joined=3,425,697 elapsed=89s
  block 348,000/883,094 joined=3,396,765 elapsed=90s
  block 350,000/883,094 joined=3,357,412 elapsed=90s
  block 352,000/883,094 joined=3,385,260 elapsed=91s
  block 354,000/883,094 joined=3,430,148 elapsed=91s
  block 356,000/883,094 joined=3,464,503 elapsed=92s
  block 358,000/883,094 joined=3,499,499 elapsed=92s
  block 360,000/883,094 joined=3,486,793 elapsed=93s
  block 362,000/883,094 joined=3,413,156 elapsed=93s
  block 364,000/883,094 joined=3,417,697 elapsed=94s
  block 366,000/883,094 joined=3,462,760 elapsed=94s
  block 368,000/883,094 joined=3,484,655 elapsed=95s
  block 370,000/883,094 joined=3,410,422 elapsed=95s
  block 372,000/883,094 joined=3,409,253 elapsed=96s
  block 374,000/883,094 joined=3,433,295 elapsed=96s
  block 376,000/883,094 joined=3,425,510 elapsed=97s
  block 378,000/883,094 joined=3,431,412 elapsed=97s
  block 380,000/883,094 joined=3,468,857 elapsed=98s
  block 382,000/883,094 joined=3,407,510 elapsed=98s
  block 384,000/883,094 joined=3,481,934 elapsed=99s
  block 386,000/883,094 joined=3,456,154 elapsed=99s
  block 388,000/883,094 joined=3,457,566 elapsed=100s
  block 390,000/883,094 joined=3,383,914 elapsed=100s
  block 392,000/883,094 joined=3,362,260 elapsed=101s
  block 394,000/883,094 joined=3,554,986 elapsed=101s
  block 396,000/883,094 joined=3,494,716 elapsed=102s
  block 398,000/883,094 joined=3,514,416 elapsed=102s
  block 400,000/883,094 joined=3,514,931 elapsed=103s
  block 402,000/883,094 joined=3,519,415 elapsed=103s
  block 404,000/883,094 joined=3,464,028 elapsed=104s
  block 406,000/883,094 joined=3,513,228 elapsed=104s
  block 408,000/883,094 joined=3,514,802 elapsed=105s
  block 410,000/883,094 joined=3,545,058 elapsed=105s
  block 412,000/883,094 joined=3,483,777 elapsed=106s
  block 414,000/883,094 joined=3,451,359 elapsed=107s
  block 416,000/883,094 joined=3,560,344 elapsed=107s
  block 418,000/883,094 joined=3,535,620 elapsed=108s
  block 420,000/883,094 joined=3,381,510 elapsed=108s
  block 422,000/883,094 joined=3,379,287 elapsed=109s
  block 424,000/883,094 joined=3,485,174 elapsed=109s
  block 426,000/883,094 joined=3,549,159 elapsed=110s
  block 428,000/883,094 joined=3,472,578 elapsed=110s
  block 430,000/883,094 joined=3,508,685 elapsed=111s
  block 432,000/883,094 joined=3,454,616 elapsed=111s
  block 434,000/883,094 joined=3,443,569 elapsed=112s
  block 436,000/883,094 joined=3,427,286 elapsed=112s
  block 438,000/883,094 joined=3,473,014 elapsed=113s
  block 440,000/883,094 joined=3,413,914 elapsed=113s
  block 442,000/883,094 joined=3,444,434 elapsed=114s
  block 444,000/883,094 joined=3,424,545 elapsed=114s
  block 446,000/883,094 joined=3,519,253 elapsed=115s
  block 448,000/883,094 joined=3,354,217 elapsed=115s
  block 450,000/883,094 joined=3,548,487 elapsed=116s
  block 452,000/883,094 joined=3,379,178 elapsed=116s
  block 454,000/883,094 joined=3,487,463 elapsed=117s
  block 456,000/883,094 joined=3,495,567 elapsed=117s
  block 458,000/883,094 joined=3,411,653 elapsed=118s
  block 460,000/883,094 joined=3,491,094 elapsed=118s
  block 462,000/883,094 joined=3,428,457 elapsed=119s
  block 464,000/883,094 joined=3,327,196 elapsed=119s
  block 466,000/883,094 joined=3,381,372 elapsed=120s
  block 468,000/883,094 joined=3,456,725 elapsed=120s
  block 470,000/883,094 joined=3,402,169 elapsed=121s
  block 472,000/883,094 joined=3,483,438 elapsed=121s
  block 474,000/883,094 joined=3,396,132 elapsed=122s
  block 476,000/883,094 joined=3,523,022 elapsed=122s
  block 478,000/883,094 joined=3,440,735 elapsed=123s
  block 480,000/883,094 joined=3,535,475 elapsed=123s
  block 482,000/883,094 joined=3,461,202 elapsed=124s
  block 484,000/883,094 joined=3,451,683 elapsed=124s
  block 486,000/883,094 joined=3,440,893 elapsed=125s
  block 488,000/883,094 joined=3,426,739 elapsed=125s
  block 490,000/883,094 joined=3,519,520 elapsed=126s
  block 492,000/883,094 joined=3,517,997 elapsed=126s
  block 494,000/883,094 joined=3,466,789 elapsed=127s
  block 496,000/883,094 joined=3,438,675 elapsed=128s
  block 498,000/883,094 joined=3,384,977 elapsed=128s
  block 500,000/883,094 joined=3,476,999 elapsed=129s
  block 502,000/883,094 joined=3,455,176 elapsed=129s
  block 504,000/883,094 joined=3,441,546 elapsed=130s
  block 506,000/883,094 joined=3,435,412 elapsed=130s
  block 508,000/883,094 joined=3,600,401 elapsed=131s
  block 510,000/883,094 joined=3,510,602 elapsed=131s
  block 512,000/883,094 joined=3,469,316 elapsed=132s
  block 514,000/883,094 joined=3,429,556 elapsed=132s
  block 516,000/883,094 joined=3,441,338 elapsed=133s
  block 518,000/883,094 joined=3,424,574 elapsed=133s
  block 520,000/883,094 joined=3,412,846 elapsed=134s
  block 522,000/883,094 joined=3,408,025 elapsed=134s
  block 524,000/883,094 joined=3,478,703 elapsed=135s
  block 526,000/883,094 joined=3,487,458 elapsed=135s
  block 528,000/883,094 joined=3,461,987 elapsed=136s
  block 530,000/883,094 joined=3,556,204 elapsed=136s
  block 532,000/883,094 joined=3,401,371 elapsed=137s
  block 534,000/883,094 joined=3,464,231 elapsed=137s
  block 536,000/883,094 joined=3,445,282 elapsed=138s
  block 538,000/883,094 joined=3,463,846 elapsed=138s
  block 540,000/883,094 joined=3,516,452 elapsed=139s
  block 542,000/883,094 joined=3,486,993 elapsed=139s
  block 544,000/883,094 joined=3,427,037 elapsed=140s
  block 546,000/883,094 joined=3,383,168 elapsed=140s
  block 548,000/883,094 joined=3,557,097 elapsed=141s
  block 550,000/883,094 joined=3,449,235 elapsed=141s
  block 552,000/883,094 joined=3,435,657 elapsed=142s
  block 554,000/883,094 joined=3,509,166 elapsed=143s
  block 556,000/883,094 joined=3,428,462 elapsed=143s
  block 558,000/883,094 joined=3,456,452 elapsed=144s
  block 560,000/883,094 joined=3,492,572 elapsed=144s
  block 562,000/883,094 joined=3,502,708 elapsed=145s
  block 564,000/883,094 joined=3,493,798 elapsed=145s
  block 566,000/883,094 joined=3,436,880 elapsed=146s
  block 568,000/883,094 joined=3,429,349 elapsed=146s
  block 570,000/883,094 joined=3,460,190 elapsed=147s
  block 572,000/883,094 joined=3,507,218 elapsed=147s
  block 574,000/883,094 joined=3,484,053 elapsed=148s
  block 576,000/883,094 joined=3,545,695 elapsed=148s
  block 578,000/883,094 joined=3,344,169 elapsed=149s
  block 580,000/883,094 joined=3,374,133 elapsed=149s
  block 582,000/883,094 joined=3,476,360 elapsed=150s
  block 584,000/883,094 joined=3,504,673 elapsed=150s
  block 586,000/883,094 joined=3,491,746 elapsed=151s
  block 588,000/883,094 joined=3,481,008 elapsed=151s
  block 590,000/883,094 joined=3,456,596 elapsed=152s
  block 592,000/883,094 joined=3,479,886 elapsed=152s
  block 594,000/883,094 joined=3,446,659 elapsed=153s
  block 596,000/883,094 joined=3,366,272 elapsed=153s
  block 598,000/883,094 joined=3,425,810 elapsed=154s
  block 600,000/883,094 joined=3,550,083 elapsed=154s
  block 602,000/883,094 joined=3,368,734 elapsed=155s
  block 604,000/883,094 joined=3,471,351 elapsed=155s
  block 606,000/883,094 joined=3,540,545 elapsed=156s
  block 608,000/883,094 joined=3,421,027 elapsed=156s
  block 610,000/883,094 joined=3,494,333 elapsed=157s
  block 612,000/883,094 joined=3,485,962 elapsed=158s
  block 614,000/883,094 joined=3,393,383 elapsed=158s
  block 616,000/883,094 joined=3,505,182 elapsed=159s
  block 618,000/883,094 joined=3,484,344 elapsed=159s
  block 620,000/883,094 joined=3,409,769 elapsed=160s
  block 622,000/883,094 joined=3,437,714 elapsed=160s
  block 624,000/883,094 joined=3,487,027 elapsed=161s
  block 626,000/883,094 joined=3,451,228 elapsed=161s
  block 628,000/883,094 joined=3,443,149 elapsed=162s
  block 630,000/883,094 joined=3,512,896 elapsed=162s
  block 632,000/883,094 joined=3,540,437 elapsed=163s
  block 634,000/883,094 joined=3,394,399 elapsed=163s
  block 636,000/883,094 joined=3,515,293 elapsed=164s
  block 638,000/883,094 joined=3,507,264 elapsed=164s
  block 640,000/883,094 joined=3,409,581 elapsed=165s
  block 642,000/883,094 joined=3,470,271 elapsed=165s
  block 644,000/883,094 joined=3,425,747 elapsed=166s
  block 646,000/883,094 joined=3,519,769 elapsed=166s
  block 648,000/883,094 joined=3,439,562 elapsed=167s
  block 650,000/883,094 joined=3,358,877 elapsed=167s
  block 652,000/883,094 joined=3,399,191 elapsed=168s
  block 654,000/883,094 joined=3,408,736 elapsed=168s
  block 656,000/883,094 joined=3,347,850 elapsed=169s
  block 658,000/883,094 joined=3,434,252 elapsed=169s
  block 660,000/883,094 joined=3,499,399 elapsed=170s
  block 662,000/883,094 joined=3,559,520 elapsed=171s
  block 664,000/883,094 joined=3,497,928 elapsed=171s
  block 666,000/883,094 joined=3,488,637 elapsed=172s
  block 668,000/883,094 joined=3,425,211 elapsed=172s
  block 670,000/883,094 joined=3,362,577 elapsed=173s
  block 672,000/883,094 joined=3,500,075 elapsed=173s
  block 674,000/883,094 joined=3,486,955 elapsed=174s
  block 676,000/883,094 joined=3,377,957 elapsed=174s
  block 678,000/883,094 joined=3,531,487 elapsed=175s
  block 680,000/883,094 joined=3,444,045 elapsed=175s
  block 682,000/883,094 joined=3,482,898 elapsed=176s
  block 684,000/883,094 joined=3,424,510 elapsed=176s
  block 686,000/883,094 joined=3,493,544 elapsed=177s
  block 688,000/883,094 joined=3,496,235 elapsed=177s
  block 690,000/883,094 joined=3,575,336 elapsed=178s
  block 692,000/883,094 joined=3,459,365 elapsed=178s
  block 694,000/883,094 joined=3,449,495 elapsed=179s
  block 696,000/883,094 joined=3,425,828 elapsed=179s
  block 698,000/883,094 joined=3,407,956 elapsed=180s
  block 700,000/883,094 joined=3,376,061 elapsed=180s
  block 702,000/883,094 joined=3,420,086 elapsed=181s
  block 704,000/883,094 joined=3,507,634 elapsed=181s
  block 706,000/883,094 joined=3,432,015 elapsed=182s
  block 708,000/883,094 joined=3,455,042 elapsed=182s
  block 710,000/883,094 joined=3,514,022 elapsed=183s
  block 712,000/883,094 joined=3,443,419 elapsed=183s
  block 714,000/883,094 joined=3,496,724 elapsed=184s
  block 716,000/883,094 joined=3,521,619 elapsed=184s
  block 718,000/883,094 joined=3,349,280 elapsed=185s
  block 720,000/883,094 joined=3,449,936 elapsed=185s
  block 722,000/883,094 joined=3,434,223 elapsed=186s
  block 724,000/883,094 joined=3,536,762 elapsed=187s
  block 726,000/883,094 joined=3,437,167 elapsed=187s
  block 728,000/883,094 joined=3,576,624 elapsed=188s
  block 730,000/883,094 joined=3,571,201 elapsed=188s
  block 732,000/883,094 joined=3,450,832 elapsed=189s
  block 734,000/883,094 joined=3,392,504 elapsed=189s
  block 736,000/883,094 joined=3,485,336 elapsed=190s
  block 738,000/883,094 joined=3,466,260 elapsed=190s
  block 740,000/883,094 joined=3,490,563 elapsed=191s
  block 742,000/883,094 joined=3,393,954 elapsed=191s
  block 744,000/883,094 joined=3,546,826 elapsed=192s
  block 746,000/883,094 joined=3,343,493 elapsed=192s
  block 748,000/883,094 joined=3,479,854 elapsed=193s
  block 750,000/883,094 joined=3,432,735 elapsed=193s
  block 752,000/883,094 joined=3,318,602 elapsed=194s
  block 754,000/883,094 joined=3,317,023 elapsed=194s
  block 756,000/883,094 joined=3,538,541 elapsed=195s
  block 758,000/883,094 joined=3,481,362 elapsed=195s
  block 760,000/883,094 joined=3,445,645 elapsed=196s
  block 762,000/883,094 joined=3,477,493 elapsed=196s
  block 764,000/883,094 joined=3,451,889 elapsed=197s
  block 766,000/883,094 joined=3,360,506 elapsed=197s
  block 768,000/883,094 joined=3,384,469 elapsed=198s
  block 770,000/883,094 joined=3,557,634 elapsed=198s
  block 772,000/883,094 joined=3,485,341 elapsed=199s
  block 774,000/883,094 joined=3,499,531 elapsed=199s
  block 776,000/883,094 joined=3,499,848 elapsed=200s
  block 778,000/883,094 joined=3,390,173 elapsed=200s
  block 780,000/883,094 joined=3,390,376 elapsed=201s
  block 782,000/883,094 joined=3,419,744 elapsed=201s
  block 784,000/883,094 joined=3,460,785 elapsed=202s
  block 786,000/883,094 joined=3,476,970 elapsed=202s
  block 788,000/883,094 joined=3,466,552 elapsed=203s
  block 790,000/883,094 joined=3,468,763 elapsed=204s
  block 792,000/883,094 joined=3,440,223 elapsed=204s
  block 794,000/883,094 joined=3,433,525 elapsed=205s
  block 796,000/883,094 joined=3,517,296 elapsed=205s
  block 798,000/883,094 joined=3,545,528 elapsed=206s
  block 800,000/883,094 joined=3,474,309 elapsed=206s
  block 802,000/883,094 joined=3,477,920 elapsed=207s
  block 804,000/883,094 joined=3,411,856 elapsed=207s
  block 806,000/883,094 joined=3,468,126 elapsed=208s
  block 808,000/883,094 joined=3,417,987 elapsed=208s
  block 810,000/883,094 joined=3,603,079 elapsed=209s
  block 812,000/883,094 joined=3,526,110 elapsed=209s
  block 814,000/883,094 joined=3,331,331 elapsed=210s
  block 816,000/883,094 joined=3,592,147 elapsed=210s
  block 818,000/883,094 joined=3,504,710 elapsed=211s
  block 820,000/883,094 joined=3,453,862 elapsed=211s
  block 822,000/883,094 joined=3,422,768 elapsed=212s
  block 824,000/883,094 joined=3,558,316 elapsed=212s
  block 826,000/883,094 joined=3,445,129 elapsed=213s
  block 828,000/883,094 joined=3,328,115 elapsed=213s
  block 830,000/883,094 joined=3,516,286 elapsed=214s
  block 832,000/883,094 joined=3,399,148 elapsed=214s
  block 834,000/883,094 joined=3,417,021 elapsed=215s
  block 836,000/883,094 joined=3,458,474 elapsed=215s
  block 838,000/883,094 joined=3,480,437 elapsed=216s
  block 840,000/883,094 joined=3,443,043 elapsed=216s
  block 842,000/883,094 joined=3,424,619 elapsed=217s
  block 844,000/883,094 joined=3,423,836 elapsed=217s
  block 846,000/883,094 joined=3,450,040 elapsed=218s
  block 848,000/883,094 joined=3,403,113 elapsed=218s
  block 850,000/883,094 joined=3,417,774 elapsed=219s
  block 852,000/883,094 joined=3,472,127 elapsed=219s
  block 854,000/883,094 joined=3,436,917 elapsed=220s
  block 856,000/883,094 joined=3,431,946 elapsed=220s
  block 858,000/883,094 joined=3,463,050 elapsed=221s
  block 860,000/883,094 joined=3,497,392 elapsed=222s
  block 862,000/883,094 joined=3,425,210 elapsed=222s
  block 864,000/883,094 joined=3,338,998 elapsed=223s
  block 866,000/883,094 joined=3,480,859 elapsed=223s
  block 868,000/883,094 joined=3,497,987 elapsed=224s
  block 870,000/883,094 joined=3,564,495 elapsed=224s
  block 872,000/883,094 joined=3,462,122 elapsed=225s
  block 874,000/883,094 joined=3,458,932 elapsed=225s
  block 876,000/883,094 joined=3,543,962 elapsed=226s
  block 878,000/883,094 joined=3,565,786 elapsed=226s
  block 880,000/883,094 joined=3,384,863 elapsed=227s
  block 882,000/883,094 joined=3,442,985 elapsed=228s
  block 884,000/883,094 joined=1,867,135 elapsed=228s
  India: 62,029,979 pairs for 883,100/883,188 source1, 367s
indexing US: 6,186,873 targets
  block 2,000/1,323,418 joined=3,841,561 elapsed=1s
  block 4,000/1,323,418 joined=3,908,548 elapsed=1s
  block 6,000/1,323,418 joined=3,777,073 elapsed=2s
  block 8,000/1,323,418 joined=3,798,914 elapsed=2s
  block 10,000/1,323,418 joined=3,816,852 elapsed=3s
  block 12,000/1,323,418 joined=3,769,695 elapsed=4s
  block 14,000/1,323,418 joined=3,754,470 elapsed=4s
  block 16,000/1,323,418 joined=3,792,608 elapsed=5s
  block 18,000/1,323,418 joined=3,859,042 elapsed=5s
  block 20,000/1,323,418 joined=3,860,232 elapsed=6s
  block 22,000/1,323,418 joined=3,759,011 elapsed=7s
  block 24,000/1,323,418 joined=3,829,392 elapsed=7s
  block 26,000/1,323,418 joined=3,766,324 elapsed=8s
  block 28,000/1,323,418 joined=3,752,781 elapsed=9s
  block 30,000/1,323,418 joined=3,759,158 elapsed=9s
  block 32,000/1,323,418 joined=3,754,581 elapsed=10s
  block 34,000/1,323,418 joined=3,755,157 elapsed=10s
  block 36,000/1,323,418 joined=3,960,889 elapsed=11s
  block 38,000/1,323,418 joined=3,761,356 elapsed=12s
  block 40,000/1,323,418 joined=3,771,489 elapsed=12s
  block 42,000/1,323,418 joined=3,852,584 elapsed=13s
  block 44,000/1,323,418 joined=3,836,974 elapsed=13s
  block 46,000/1,323,418 joined=3,753,066 elapsed=14s
  block 48,000/1,323,418 joined=3,807,057 elapsed=15s
  block 50,000/1,323,418 joined=3,688,053 elapsed=15s
  block 52,000/1,323,418 joined=3,690,727 elapsed=16s
  block 54,000/1,323,418 joined=3,851,924 elapsed=16s
  block 56,000/1,323,418 joined=3,886,042 elapsed=17s
  block 58,000/1,323,418 joined=3,738,570 elapsed=18s
  block 60,000/1,323,418 joined=3,812,334 elapsed=18s
  block 62,000/1,323,418 joined=3,777,150 elapsed=19s
  block 64,000/1,323,418 joined=3,721,682 elapsed=19s
  block 66,000/1,323,418 joined=3,806,943 elapsed=20s
  block 68,000/1,323,418 joined=3,688,062 elapsed=21s
  block 70,000/1,323,418 joined=3,758,114 elapsed=21s
  block 72,000/1,323,418 joined=3,784,903 elapsed=22s
  block 74,000/1,323,418 joined=3,838,319 elapsed=23s
  block 76,000/1,323,418 joined=3,755,667 elapsed=23s
  block 78,000/1,323,418 joined=3,862,215 elapsed=24s
  block 80,000/1,323,418 joined=3,793,843 elapsed=24s
  block 82,000/1,323,418 joined=3,773,857 elapsed=25s
  block 84,000/1,323,418 joined=3,840,509 elapsed=26s
  block 86,000/1,323,418 joined=3,812,985 elapsed=26s
  block 88,000/1,323,418 joined=3,707,387 elapsed=27s
  block 90,000/1,323,418 joined=3,770,324 elapsed=27s
  block 92,000/1,323,418 joined=3,867,376 elapsed=28s
  block 94,000/1,323,418 joined=3,749,610 elapsed=29s
  block 96,000/1,323,418 joined=3,792,982 elapsed=29s
  block 98,000/1,323,418 joined=3,840,703 elapsed=30s
  block 100,000/1,323,418 joined=3,777,118 elapsed=30s
  block 102,000/1,323,418 joined=3,793,399 elapsed=31s
  block 104,000/1,323,418 joined=3,886,490 elapsed=32s
  block 106,000/1,323,418 joined=3,784,039 elapsed=32s
  block 108,000/1,323,418 joined=3,728,810 elapsed=33s
  block 110,000/1,323,418 joined=3,780,545 elapsed=33s
  block 112,000/1,323,418 joined=3,687,107 elapsed=34s
  block 114,000/1,323,418 joined=3,810,473 elapsed=35s
  block 116,000/1,323,418 joined=3,807,711 elapsed=35s
  block 118,000/1,323,418 joined=3,739,981 elapsed=36s
  block 120,000/1,323,418 joined=3,758,511 elapsed=36s
  block 122,000/1,323,418 joined=3,716,580 elapsed=37s
  block 124,000/1,323,418 joined=3,860,032 elapsed=38s
  block 126,000/1,323,418 joined=3,765,240 elapsed=38s
  block 128,000/1,323,418 joined=3,762,029 elapsed=39s
  block 130,000/1,323,418 joined=3,774,961 elapsed=39s
  block 132,000/1,323,418 joined=3,849,561 elapsed=40s
  block 134,000/1,323,418 joined=3,821,038 elapsed=41s
  block 136,000/1,323,418 joined=3,772,470 elapsed=41s
  block 138,000/1,323,418 joined=3,829,654 elapsed=42s
  block 140,000/1,323,418 joined=3,759,968 elapsed=42s
  block 142,000/1,323,418 joined=3,786,014 elapsed=43s
  block 144,000/1,323,418 joined=3,638,843 elapsed=44s
  block 146,000/1,323,418 joined=3,849,970 elapsed=44s
  block 148,000/1,323,418 joined=3,934,854 elapsed=45s
  block 150,000/1,323,418 joined=3,794,564 elapsed=45s
  block 152,000/1,323,418 joined=3,711,755 elapsed=46s
  block 154,000/1,323,418 joined=3,869,171 elapsed=47s
  block 156,000/1,323,418 joined=3,832,253 elapsed=47s
  block 158,000/1,323,418 joined=3,802,037 elapsed=48s
  block 160,000/1,323,418 joined=3,813,830 elapsed=48s
  block 162,000/1,323,418 joined=3,926,766 elapsed=49s
  block 164,000/1,323,418 joined=3,753,798 elapsed=50s
  block 166,000/1,323,418 joined=3,765,501 elapsed=50s
  block 168,000/1,323,418 joined=3,835,160 elapsed=51s
  block 170,000/1,323,418 joined=3,802,409 elapsed=52s
  block 172,000/1,323,418 joined=3,823,945 elapsed=52s
  block 174,000/1,323,418 joined=3,881,870 elapsed=53s
  block 176,000/1,323,418 joined=3,739,846 elapsed=53s
  block 178,000/1,323,418 joined=3,828,014 elapsed=54s
  block 180,000/1,323,418 joined=3,869,800 elapsed=55s
  block 182,000/1,323,418 joined=3,700,000 elapsed=55s
  block 184,000/1,323,418 joined=3,820,203 elapsed=56s
  block 186,000/1,323,418 joined=3,946,250 elapsed=56s
  block 188,000/1,323,418 joined=3,801,713 elapsed=57s
  block 190,000/1,323,418 joined=3,793,554 elapsed=58s
  block 192,000/1,323,418 joined=3,762,605 elapsed=58s
  block 194,000/1,323,418 joined=3,736,065 elapsed=59s
  block 196,000/1,323,418 joined=3,699,672 elapsed=59s
  block 198,000/1,323,418 joined=3,718,610 elapsed=60s
  block 200,000/1,323,418 joined=3,799,384 elapsed=61s
  block 202,000/1,323,418 joined=3,723,665 elapsed=61s
  block 204,000/1,323,418 joined=3,812,233 elapsed=62s
  block 206,000/1,323,418 joined=3,838,464 elapsed=62s
  block 208,000/1,323,418 joined=3,850,092 elapsed=63s
  block 210,000/1,323,418 joined=3,810,085 elapsed=64s
  block 212,000/1,323,418 joined=3,949,513 elapsed=64s
  block 214,000/1,323,418 joined=3,809,871 elapsed=65s
  block 216,000/1,323,418 joined=3,783,029 elapsed=65s
  block 218,000/1,323,418 joined=3,728,970 elapsed=66s
  block 220,000/1,323,418 joined=3,744,840 elapsed=67s
  block 222,000/1,323,418 joined=3,788,761 elapsed=67s
  block 224,000/1,323,418 joined=3,763,877 elapsed=68s
  block 226,000/1,323,418 joined=3,749,602 elapsed=68s
  block 228,000/1,323,418 joined=3,815,790 elapsed=69s
  block 230,000/1,323,418 joined=3,873,062 elapsed=70s
  block 232,000/1,323,418 joined=3,783,948 elapsed=70s
  block 234,000/1,323,418 joined=3,769,021 elapsed=71s
  block 236,000/1,323,418 joined=3,845,262 elapsed=71s
  block 238,000/1,323,418 joined=3,758,136 elapsed=72s
  block 240,000/1,323,418 joined=3,792,317 elapsed=73s
  block 242,000/1,323,418 joined=3,825,381 elapsed=73s
  block 244,000/1,323,418 joined=3,836,727 elapsed=74s
  block 246,000/1,323,418 joined=3,805,640 elapsed=75s
  block 248,000/1,323,418 joined=3,718,427 elapsed=75s
  block 250,000/1,323,418 joined=3,944,317 elapsed=76s
  block 252,000/1,323,418 joined=3,769,115 elapsed=76s
  block 254,000/1,323,418 joined=3,699,912 elapsed=77s
  block 256,000/1,323,418 joined=3,764,666 elapsed=77s
  block 258,000/1,323,418 joined=3,861,658 elapsed=78s
  block 260,000/1,323,418 joined=3,805,479 elapsed=79s
  block 262,000/1,323,418 joined=3,769,728 elapsed=79s
  block 264,000/1,323,418 joined=3,789,789 elapsed=80s
  block 266,000/1,323,418 joined=3,757,460 elapsed=80s
  block 268,000/1,323,418 joined=3,741,587 elapsed=81s
  block 270,000/1,323,418 joined=3,796,876 elapsed=82s
  block 272,000/1,323,418 joined=3,949,082 elapsed=82s
  block 274,000/1,323,418 joined=3,778,993 elapsed=83s
  block 276,000/1,323,418 joined=3,788,248 elapsed=83s
  block 278,000/1,323,418 joined=3,858,283 elapsed=84s
  block 280,000/1,323,418 joined=3,843,448 elapsed=85s
  block 282,000/1,323,418 joined=3,833,682 elapsed=85s
  block 284,000/1,323,418 joined=3,800,400 elapsed=86s
  block 286,000/1,323,418 joined=3,827,964 elapsed=87s
  block 288,000/1,323,418 joined=3,795,829 elapsed=87s
  block 290,000/1,323,418 joined=3,829,592 elapsed=88s
  block 292,000/1,323,418 joined=3,763,263 elapsed=88s
  block 294,000/1,323,418 joined=3,690,842 elapsed=89s
  block 296,000/1,323,418 joined=3,848,328 elapsed=90s
  block 298,000/1,323,418 joined=3,861,006 elapsed=90s
  block 300,000/1,323,418 joined=3,735,828 elapsed=91s
  block 302,000/1,323,418 joined=3,782,505 elapsed=91s
  block 304,000/1,323,418 joined=3,744,713 elapsed=92s
  block 306,000/1,323,418 joined=3,792,429 elapsed=93s
  block 308,000/1,323,418 joined=3,837,797 elapsed=93s
  block 310,000/1,323,418 joined=3,719,953 elapsed=94s
  block 312,000/1,323,418 joined=3,761,296 elapsed=94s
  block 314,000/1,323,418 joined=3,769,686 elapsed=95s
  block 316,000/1,323,418 joined=3,784,569 elapsed=96s
  block 318,000/1,323,418 joined=3,842,430 elapsed=96s
  block 320,000/1,323,418 joined=3,744,557 elapsed=97s
  block 322,000/1,323,418 joined=3,798,516 elapsed=97s
  block 324,000/1,323,418 joined=3,914,374 elapsed=98s
  block 326,000/1,323,418 joined=3,839,064 elapsed=99s
  block 328,000/1,323,418 joined=3,776,486 elapsed=99s
  block 330,000/1,323,418 joined=3,866,008 elapsed=100s
  block 332,000/1,323,418 joined=3,848,636 elapsed=100s
  block 334,000/1,323,418 joined=3,885,514 elapsed=101s
  block 336,000/1,323,418 joined=3,785,086 elapsed=102s
  block 338,000/1,323,418 joined=3,754,822 elapsed=102s
  block 340,000/1,323,418 joined=3,856,257 elapsed=103s
  block 342,000/1,323,418 joined=3,826,461 elapsed=103s
  block 344,000/1,323,418 joined=3,748,020 elapsed=104s
  block 346,000/1,323,418 joined=3,839,408 elapsed=105s
  block 348,000/1,323,418 joined=3,939,529 elapsed=105s
  block 350,000/1,323,418 joined=3,862,968 elapsed=106s
  block 352,000/1,323,418 joined=3,817,262 elapsed=107s
  block 354,000/1,323,418 joined=3,779,214 elapsed=107s
  block 356,000/1,323,418 joined=3,769,127 elapsed=108s
  block 358,000/1,323,418 joined=3,782,011 elapsed=108s
  block 360,000/1,323,418 joined=3,781,189 elapsed=109s
  block 362,000/1,323,418 joined=3,766,041 elapsed=110s
  block 364,000/1,323,418 joined=3,812,472 elapsed=110s
  block 366,000/1,323,418 joined=3,804,379 elapsed=111s
  block 368,000/1,323,418 joined=3,824,115 elapsed=111s
  block 370,000/1,323,418 joined=3,786,388 elapsed=112s
  block 372,000/1,323,418 joined=3,795,764 elapsed=113s
  block 374,000/1,323,418 joined=3,795,224 elapsed=113s
  block 376,000/1,323,418 joined=3,923,919 elapsed=114s
  block 378,000/1,323,418 joined=3,744,776 elapsed=115s
  block 380,000/1,323,418 joined=3,798,971 elapsed=115s
  block 382,000/1,323,418 joined=3,733,157 elapsed=116s
  block 384,000/1,323,418 joined=3,767,930 elapsed=116s
  block 386,000/1,323,418 joined=3,830,442 elapsed=117s
  block 388,000/1,323,418 joined=3,899,843 elapsed=118s
  block 390,000/1,323,418 joined=3,806,869 elapsed=118s
  block 392,000/1,323,418 joined=3,855,363 elapsed=119s
  block 394,000/1,323,418 joined=3,740,206 elapsed=119s
  block 396,000/1,323,418 joined=3,820,520 elapsed=120s
  block 398,000/1,323,418 joined=3,750,289 elapsed=121s
  block 400,000/1,323,418 joined=3,833,180 elapsed=121s
  block 402,000/1,323,418 joined=3,778,274 elapsed=122s
  block 404,000/1,323,418 joined=3,792,738 elapsed=122s
  block 406,000/1,323,418 joined=3,806,900 elapsed=123s
  block 408,000/1,323,418 joined=3,784,075 elapsed=124s
  block 410,000/1,323,418 joined=3,768,619 elapsed=124s
  block 412,000/1,323,418 joined=3,784,430 elapsed=125s
  block 414,000/1,323,418 joined=3,735,956 elapsed=125s
  block 416,000/1,323,418 joined=3,797,322 elapsed=126s
  block 418,000/1,323,418 joined=3,651,500 elapsed=127s
  block 420,000/1,323,418 joined=3,762,147 elapsed=127s
  block 422,000/1,323,418 joined=3,907,108 elapsed=128s
  block 424,000/1,323,418 joined=3,874,287 elapsed=128s
  block 426,000/1,323,418 joined=3,747,944 elapsed=129s
  block 428,000/1,323,418 joined=3,793,495 elapsed=130s
  block 430,000/1,323,418 joined=3,858,433 elapsed=130s
  block 432,000/1,323,418 joined=3,854,217 elapsed=131s
  block 434,000/1,323,418 joined=3,826,747 elapsed=131s
  block 436,000/1,323,418 joined=3,746,737 elapsed=132s
  block 438,000/1,323,418 joined=3,807,699 elapsed=133s
  block 440,000/1,323,418 joined=3,741,639 elapsed=133s
  block 442,000/1,323,418 joined=3,838,656 elapsed=134s
  block 444,000/1,323,418 joined=3,812,101 elapsed=134s
  block 446,000/1,323,418 joined=3,844,510 elapsed=135s
  block 448,000/1,323,418 joined=3,700,550 elapsed=136s
  block 450,000/1,323,418 joined=3,791,961 elapsed=136s
  block 452,000/1,323,418 joined=3,775,675 elapsed=137s
  block 454,000/1,323,418 joined=3,840,709 elapsed=137s
  block 456,000/1,323,418 joined=3,786,260 elapsed=138s
  block 458,000/1,323,418 joined=3,775,962 elapsed=139s
  block 460,000/1,323,418 joined=3,825,021 elapsed=139s
  block 462,000/1,323,418 joined=3,815,387 elapsed=140s
  block 464,000/1,323,418 joined=3,866,738 elapsed=140s
  block 466,000/1,323,418 joined=3,854,671 elapsed=141s
  block 468,000/1,323,418 joined=3,782,269 elapsed=142s
  block 470,000/1,323,418 joined=3,732,573 elapsed=142s
  block 472,000/1,323,418 joined=3,739,458 elapsed=143s
  block 474,000/1,323,418 joined=3,779,532 elapsed=143s
  block 476,000/1,323,418 joined=3,708,274 elapsed=144s
  block 478,000/1,323,418 joined=3,756,603 elapsed=145s
  block 480,000/1,323,418 joined=3,870,218 elapsed=145s
  block 482,000/1,323,418 joined=3,733,705 elapsed=146s
  block 484,000/1,323,418 joined=3,756,310 elapsed=146s
  block 486,000/1,323,418 joined=3,702,008 elapsed=147s
  block 488,000/1,323,418 joined=3,856,605 elapsed=147s
  block 490,000/1,323,418 joined=3,797,654 elapsed=148s
  block 492,000/1,323,418 joined=3,873,438 elapsed=149s
  block 494,000/1,323,418 joined=3,818,012 elapsed=149s
  block 496,000/1,323,418 joined=3,804,905 elapsed=150s
  block 498,000/1,323,418 joined=3,928,731 elapsed=150s
  block 500,000/1,323,418 joined=3,761,344 elapsed=151s
  block 502,000/1,323,418 joined=3,800,795 elapsed=152s
  block 504,000/1,323,418 joined=3,902,830 elapsed=152s
  block 506,000/1,323,418 joined=3,781,773 elapsed=153s
  block 508,000/1,323,418 joined=3,786,191 elapsed=153s
  block 510,000/1,323,418 joined=3,787,341 elapsed=154s
  block 512,000/1,323,418 joined=3,746,621 elapsed=155s
  block 514,000/1,323,418 joined=3,847,302 elapsed=155s
  block 516,000/1,323,418 joined=3,813,637 elapsed=156s
  block 518,000/1,323,418 joined=3,763,239 elapsed=156s
  block 520,000/1,323,418 joined=3,683,633 elapsed=157s
  block 522,000/1,323,418 joined=3,766,785 elapsed=158s
  block 524,000/1,323,418 joined=3,805,953 elapsed=158s
  block 526,000/1,323,418 joined=3,725,609 elapsed=159s
  block 528,000/1,323,418 joined=3,824,232 elapsed=159s
  block 530,000/1,323,418 joined=3,916,705 elapsed=160s
  block 532,000/1,323,418 joined=3,812,947 elapsed=161s
  block 534,000/1,323,418 joined=3,753,731 elapsed=161s
  block 536,000/1,323,418 joined=3,817,772 elapsed=162s
  block 538,000/1,323,418 joined=3,806,138 elapsed=163s
  block 540,000/1,323,418 joined=3,854,145 elapsed=163s
  block 542,000/1,323,418 joined=3,797,897 elapsed=164s
  block 544,000/1,323,418 joined=3,822,094 elapsed=164s
  block 546,000/1,323,418 joined=3,749,386 elapsed=165s
  block 548,000/1,323,418 joined=3,779,226 elapsed=166s
  block 550,000/1,323,418 joined=3,744,370 elapsed=166s
  block 552,000/1,323,418 joined=3,709,222 elapsed=167s
  block 554,000/1,323,418 joined=3,874,529 elapsed=167s
  block 556,000/1,323,418 joined=3,818,719 elapsed=168s
  block 558,000/1,323,418 joined=3,772,502 elapsed=169s
  block 560,000/1,323,418 joined=3,747,565 elapsed=169s
  block 562,000/1,323,418 joined=3,727,222 elapsed=170s
  block 564,000/1,323,418 joined=3,829,935 elapsed=170s
  block 566,000/1,323,418 joined=3,827,273 elapsed=171s
  block 568,000/1,323,418 joined=3,785,992 elapsed=172s
  block 570,000/1,323,418 joined=3,822,296 elapsed=172s
  block 572,000/1,323,418 joined=3,727,489 elapsed=173s
  block 574,000/1,323,418 joined=3,761,083 elapsed=173s
  block 576,000/1,323,418 joined=3,842,474 elapsed=174s
  block 578,000/1,323,418 joined=3,733,287 elapsed=175s
  block 580,000/1,323,418 joined=3,850,108 elapsed=175s
  block 582,000/1,323,418 joined=3,844,721 elapsed=176s
  block 584,000/1,323,418 joined=3,819,326 elapsed=176s
  block 586,000/1,323,418 joined=3,804,487 elapsed=177s
  block 588,000/1,323,418 joined=3,795,157 elapsed=177s
  block 590,000/1,323,418 joined=3,852,152 elapsed=178s
  block 592,000/1,323,418 joined=3,801,584 elapsed=179s
  block 594,000/1,323,418 joined=3,683,125 elapsed=179s
  block 596,000/1,323,418 joined=3,701,165 elapsed=180s
  block 598,000/1,323,418 joined=3,759,445 elapsed=180s
  block 600,000/1,323,418 joined=3,825,144 elapsed=181s
  block 602,000/1,323,418 joined=3,778,296 elapsed=182s
  block 604,000/1,323,418 joined=3,810,317 elapsed=182s
  block 606,000/1,323,418 joined=3,847,153 elapsed=183s
  block 608,000/1,323,418 joined=3,661,570 elapsed=184s
  block 610,000/1,323,418 joined=3,702,448 elapsed=184s
  block 612,000/1,323,418 joined=3,900,580 elapsed=185s
  block 614,000/1,323,418 joined=3,713,410 elapsed=185s
  block 616,000/1,323,418 joined=3,766,896 elapsed=186s
  block 618,000/1,323,418 joined=3,801,623 elapsed=187s
  block 620,000/1,323,418 joined=3,781,690 elapsed=187s
  block 622,000/1,323,418 joined=3,782,543 elapsed=188s
  block 624,000/1,323,418 joined=3,735,020 elapsed=188s
  block 626,000/1,323,418 joined=3,786,115 elapsed=189s
  block 628,000/1,323,418 joined=3,831,447 elapsed=190s
  block 630,000/1,323,418 joined=3,809,564 elapsed=190s
  block 632,000/1,323,418 joined=3,784,477 elapsed=191s
  block 634,000/1,323,418 joined=3,754,071 elapsed=191s
  block 636,000/1,323,418 joined=3,794,336 elapsed=192s
  block 638,000/1,323,418 joined=3,750,930 elapsed=193s
  block 640,000/1,323,418 joined=3,786,135 elapsed=193s
  block 642,000/1,323,418 joined=3,693,622 elapsed=194s
  block 644,000/1,323,418 joined=3,835,868 elapsed=194s
  block 646,000/1,323,418 joined=3,846,920 elapsed=195s
  block 648,000/1,323,418 joined=3,740,201 elapsed=196s
  block 650,000/1,323,418 joined=3,806,598 elapsed=196s
  block 652,000/1,323,418 joined=3,826,999 elapsed=197s
  block 654,000/1,323,418 joined=3,760,099 elapsed=197s
  block 656,000/1,323,418 joined=3,814,792 elapsed=198s
  block 658,000/1,323,418 joined=3,764,534 elapsed=199s
  block 660,000/1,323,418 joined=3,725,446 elapsed=199s
  block 662,000/1,323,418 joined=3,828,382 elapsed=200s
  block 664,000/1,323,418 joined=3,700,303 elapsed=200s
  block 666,000/1,323,418 joined=3,755,864 elapsed=201s
  block 668,000/1,323,418 joined=3,894,523 elapsed=202s
  block 670,000/1,323,418 joined=3,729,822 elapsed=202s
  block 672,000/1,323,418 joined=3,826,146 elapsed=203s
  block 674,000/1,323,418 joined=3,834,449 elapsed=203s
  block 676,000/1,323,418 joined=3,817,297 elapsed=204s
  block 678,000/1,323,418 joined=3,764,189 elapsed=204s
  block 680,000/1,323,418 joined=3,701,099 elapsed=205s
  block 682,000/1,323,418 joined=3,825,923 elapsed=206s
  block 684,000/1,323,418 joined=3,789,134 elapsed=206s
  block 686,000/1,323,418 joined=3,763,321 elapsed=207s
  block 688,000/1,323,418 joined=3,786,156 elapsed=207s
  block 690,000/1,323,418 joined=3,847,090 elapsed=208s
  block 692,000/1,323,418 joined=3,744,883 elapsed=209s
  block 694,000/1,323,418 joined=3,805,166 elapsed=209s
  block 696,000/1,323,418 joined=3,878,431 elapsed=210s
  block 698,000/1,323,418 joined=3,774,876 elapsed=211s
  block 700,000/1,323,418 joined=3,850,898 elapsed=211s
  block 702,000/1,323,418 joined=3,780,906 elapsed=212s
  block 704,000/1,323,418 joined=3,805,233 elapsed=212s
  block 706,000/1,323,418 joined=3,867,101 elapsed=213s
  block 708,000/1,323,418 joined=3,764,768 elapsed=214s
  block 710,000/1,323,418 joined=3,908,189 elapsed=214s
  block 712,000/1,323,418 joined=3,789,897 elapsed=215s
  block 714,000/1,323,418 joined=3,788,042 elapsed=215s
  block 716,000/1,323,418 joined=3,833,134 elapsed=216s
  block 718,000/1,323,418 joined=3,834,752 elapsed=217s
  block 720,000/1,323,418 joined=3,785,053 elapsed=217s
  block 722,000/1,323,418 joined=3,737,591 elapsed=218s
  block 724,000/1,323,418 joined=3,828,084 elapsed=218s
  block 726,000/1,323,418 joined=3,874,432 elapsed=219s
  block 728,000/1,323,418 joined=3,828,928 elapsed=220s
  block 730,000/1,323,418 joined=3,705,535 elapsed=220s
  block 732,000/1,323,418 joined=3,884,981 elapsed=221s
  block 734,000/1,323,418 joined=3,771,405 elapsed=221s
  block 736,000/1,323,418 joined=3,802,424 elapsed=222s
  block 738,000/1,323,418 joined=3,889,466 elapsed=223s
  block 740,000/1,323,418 joined=3,794,677 elapsed=223s
  block 742,000/1,323,418 joined=3,707,659 elapsed=224s
  block 744,000/1,323,418 joined=3,802,897 elapsed=224s
  block 746,000/1,323,418 joined=3,948,343 elapsed=225s
  block 748,000/1,323,418 joined=3,695,742 elapsed=226s
  block 750,000/1,323,418 joined=3,780,943 elapsed=226s
  block 752,000/1,323,418 joined=3,723,063 elapsed=227s
  block 754,000/1,323,418 joined=3,705,152 elapsed=227s
  block 756,000/1,323,418 joined=3,804,289 elapsed=228s
  block 758,000/1,323,418 joined=3,723,190 elapsed=229s
  block 760,000/1,323,418 joined=3,827,137 elapsed=229s
  block 762,000/1,323,418 joined=3,784,056 elapsed=230s
  block 764,000/1,323,418 joined=3,845,073 elapsed=230s
  block 766,000/1,323,418 joined=3,704,167 elapsed=231s
  block 768,000/1,323,418 joined=3,789,923 elapsed=232s
  block 770,000/1,323,418 joined=3,835,426 elapsed=232s
  block 772,000/1,323,418 joined=3,789,691 elapsed=233s
  block 774,000/1,323,418 joined=3,774,013 elapsed=233s
  block 776,000/1,323,418 joined=3,774,181 elapsed=234s
  block 778,000/1,323,418 joined=3,694,370 elapsed=235s
  block 780,000/1,323,418 joined=3,822,888 elapsed=235s
  block 782,000/1,323,418 joined=3,794,576 elapsed=236s
  block 784,000/1,323,418 joined=3,819,251 elapsed=236s
  block 786,000/1,323,418 joined=3,802,498 elapsed=237s
  block 788,000/1,323,418 joined=3,863,301 elapsed=238s
  block 790,000/1,323,418 joined=3,799,743 elapsed=238s
  block 792,000/1,323,418 joined=3,758,379 elapsed=239s
  block 794,000/1,323,418 joined=3,826,973 elapsed=239s
  block 796,000/1,323,418 joined=3,780,620 elapsed=240s
  block 798,000/1,323,418 joined=3,806,413 elapsed=241s
  block 800,000/1,323,418 joined=3,792,642 elapsed=241s
  block 802,000/1,323,418 joined=3,786,972 elapsed=242s
  block 804,000/1,323,418 joined=3,932,711 elapsed=242s
  block 806,000/1,323,418 joined=3,697,968 elapsed=243s
  block 808,000/1,323,418 joined=3,814,876 elapsed=244s
  block 810,000/1,323,418 joined=3,780,384 elapsed=244s
  block 812,000/1,323,418 joined=3,754,249 elapsed=245s
  block 814,000/1,323,418 joined=3,909,719 elapsed=245s
  block 816,000/1,323,418 joined=3,729,849 elapsed=246s
  block 818,000/1,323,418 joined=3,773,878 elapsed=247s
  block 820,000/1,323,418 joined=3,868,583 elapsed=247s
  block 822,000/1,323,418 joined=3,746,196 elapsed=248s
  block 824,000/1,323,418 joined=3,747,306 elapsed=248s
  block 826,000/1,323,418 joined=3,750,690 elapsed=249s
  block 828,000/1,323,418 joined=3,848,677 elapsed=250s
  block 830,000/1,323,418 joined=3,785,055 elapsed=250s
  block 832,000/1,323,418 joined=3,827,824 elapsed=251s
  block 834,000/1,323,418 joined=3,748,476 elapsed=251s
  block 836,000/1,323,418 joined=3,798,597 elapsed=252s
  block 838,000/1,323,418 joined=3,685,908 elapsed=252s
  block 840,000/1,323,418 joined=3,773,774 elapsed=253s
  block 842,000/1,323,418 joined=3,778,084 elapsed=254s
  block 844,000/1,323,418 joined=3,744,715 elapsed=254s
  block 846,000/1,323,418 joined=3,819,304 elapsed=255s
  block 848,000/1,323,418 joined=3,714,198 elapsed=255s
  block 850,000/1,323,418 joined=3,733,806 elapsed=256s
  block 852,000/1,323,418 joined=3,868,640 elapsed=257s
  block 854,000/1,323,418 joined=3,801,739 elapsed=257s
  block 856,000/1,323,418 joined=3,786,162 elapsed=258s
  block 858,000/1,323,418 joined=3,772,253 elapsed=258s
  block 860,000/1,323,418 joined=3,908,649 elapsed=259s
  block 862,000/1,323,418 joined=3,796,998 elapsed=260s
  block 864,000/1,323,418 joined=3,715,759 elapsed=260s
  block 866,000/1,323,418 joined=3,815,468 elapsed=261s
  block 868,000/1,323,418 joined=3,899,268 elapsed=262s
  block 870,000/1,323,418 joined=3,847,629 elapsed=262s
  block 872,000/1,323,418 joined=3,830,314 elapsed=263s
  block 874,000/1,323,418 joined=3,777,159 elapsed=263s
  block 876,000/1,323,418 joined=3,841,369 elapsed=264s
  block 878,000/1,323,418 joined=3,733,846 elapsed=264s
  block 880,000/1,323,418 joined=3,791,008 elapsed=265s
  block 882,000/1,323,418 joined=3,767,440 elapsed=266s
  block 884,000/1,323,418 joined=3,802,304 elapsed=266s
  block 886,000/1,323,418 joined=3,894,471 elapsed=267s
  block 888,000/1,323,418 joined=3,742,224 elapsed=268s
  block 890,000/1,323,418 joined=3,813,707 elapsed=268s
  block 892,000/1,323,418 joined=3,834,599 elapsed=269s
  block 894,000/1,323,418 joined=3,808,979 elapsed=269s
  block 896,000/1,323,418 joined=3,739,446 elapsed=270s
  block 898,000/1,323,418 joined=3,791,676 elapsed=271s
  block 900,000/1,323,418 joined=3,806,581 elapsed=271s
  block 902,000/1,323,418 joined=3,745,500 elapsed=272s
  block 904,000/1,323,418 joined=3,763,431 elapsed=272s
  block 906,000/1,323,418 joined=3,807,545 elapsed=273s
  block 908,000/1,323,418 joined=3,914,989 elapsed=274s
  block 910,000/1,323,418 joined=3,745,414 elapsed=274s
  block 912,000/1,323,418 joined=3,851,884 elapsed=275s
  block 914,000/1,323,418 joined=3,804,452 elapsed=275s
  block 916,000/1,323,418 joined=3,774,578 elapsed=276s
  block 918,000/1,323,418 joined=3,892,603 elapsed=277s
  block 920,000/1,323,418 joined=3,888,721 elapsed=277s
  block 922,000/1,323,418 joined=3,917,428 elapsed=278s
  block 924,000/1,323,418 joined=3,703,651 elapsed=278s
  block 926,000/1,323,418 joined=3,750,810 elapsed=279s
  block 928,000/1,323,418 joined=3,789,277 elapsed=280s
  block 930,000/1,323,418 joined=3,800,047 elapsed=280s
  block 932,000/1,323,418 joined=3,795,485 elapsed=281s
  block 934,000/1,323,418 joined=3,924,718 elapsed=281s
  block 936,000/1,323,418 joined=3,742,114 elapsed=282s
  block 938,000/1,323,418 joined=3,820,703 elapsed=283s
  block 940,000/1,323,418 joined=3,781,321 elapsed=283s
  block 942,000/1,323,418 joined=3,688,285 elapsed=284s
  block 944,000/1,323,418 joined=3,821,805 elapsed=284s
  block 946,000/1,323,418 joined=3,827,538 elapsed=285s
  block 948,000/1,323,418 joined=3,704,447 elapsed=286s
  block 950,000/1,323,418 joined=3,704,407 elapsed=286s
  block 952,000/1,323,418 joined=3,880,787 elapsed=287s
  block 954,000/1,323,418 joined=3,804,337 elapsed=287s
  block 956,000/1,323,418 joined=3,759,149 elapsed=288s
  block 958,000/1,323,418 joined=3,708,230 elapsed=289s
  block 960,000/1,323,418 joined=3,690,463 elapsed=289s
  block 962,000/1,323,418 joined=3,639,291 elapsed=290s
  block 964,000/1,323,418 joined=3,802,089 elapsed=290s
  block 966,000/1,323,418 joined=3,871,938 elapsed=291s
  block 968,000/1,323,418 joined=3,850,080 elapsed=292s
  block 970,000/1,323,418 joined=3,746,149 elapsed=292s
  block 972,000/1,323,418 joined=3,854,968 elapsed=293s
  block 974,000/1,323,418 joined=3,920,109 elapsed=293s
  block 976,000/1,323,418 joined=3,647,016 elapsed=294s
  block 978,000/1,323,418 joined=3,808,721 elapsed=295s
  block 980,000/1,323,418 joined=3,729,197 elapsed=295s
  block 982,000/1,323,418 joined=3,746,625 elapsed=296s
  block 984,000/1,323,418 joined=3,763,566 elapsed=296s
  block 986,000/1,323,418 joined=3,852,941 elapsed=297s
  block 988,000/1,323,418 joined=3,842,974 elapsed=298s
  block 990,000/1,323,418 joined=3,867,972 elapsed=298s
  block 992,000/1,323,418 joined=3,762,365 elapsed=299s
  block 994,000/1,323,418 joined=3,780,489 elapsed=299s
  block 996,000/1,323,418 joined=3,811,665 elapsed=300s
  block 998,000/1,323,418 joined=3,802,777 elapsed=301s
  block 1,000,000/1,323,418 joined=3,743,182 elapsed=301s
  block 1,002,000/1,323,418 joined=3,814,181 elapsed=302s
  block 1,004,000/1,323,418 joined=3,776,363 elapsed=302s
  block 1,006,000/1,323,418 joined=3,793,579 elapsed=303s
  block 1,008,000/1,323,418 joined=3,797,229 elapsed=304s
  block 1,010,000/1,323,418 joined=3,889,571 elapsed=304s
  block 1,012,000/1,323,418 joined=3,799,339 elapsed=305s
  block 1,014,000/1,323,418 joined=3,838,294 elapsed=305s
  block 1,016,000/1,323,418 joined=3,856,487 elapsed=306s
  block 1,018,000/1,323,418 joined=3,798,985 elapsed=307s
  block 1,020,000/1,323,418 joined=3,758,965 elapsed=307s
  block 1,022,000/1,323,418 joined=3,883,050 elapsed=308s
  block 1,024,000/1,323,418 joined=3,785,859 elapsed=308s
  block 1,026,000/1,323,418 joined=3,788,463 elapsed=309s
  block 1,028,000/1,323,418 joined=3,742,945 elapsed=310s
  block 1,030,000/1,323,418 joined=3,751,473 elapsed=310s
  block 1,032,000/1,323,418 joined=3,841,282 elapsed=311s
  block 1,034,000/1,323,418 joined=3,779,956 elapsed=311s
  block 1,036,000/1,323,418 joined=3,802,116 elapsed=312s
  block 1,038,000/1,323,418 joined=3,732,141 elapsed=313s
  block 1,040,000/1,323,418 joined=3,848,411 elapsed=313s
  block 1,042,000/1,323,418 joined=3,772,606 elapsed=314s
  block 1,044,000/1,323,418 joined=3,872,392 elapsed=314s
  block 1,046,000/1,323,418 joined=3,739,895 elapsed=315s
  block 1,048,000/1,323,418 joined=3,785,312 elapsed=316s
  block 1,050,000/1,323,418 joined=3,847,609 elapsed=316s
  block 1,052,000/1,323,418 joined=3,800,560 elapsed=317s
  block 1,054,000/1,323,418 joined=3,829,353 elapsed=317s
  block 1,056,000/1,323,418 joined=3,794,276 elapsed=318s
  block 1,058,000/1,323,418 joined=3,698,459 elapsed=319s
  block 1,060,000/1,323,418 joined=3,714,721 elapsed=319s
  block 1,062,000/1,323,418 joined=3,774,036 elapsed=320s
  block 1,064,000/1,323,418 joined=3,855,142 elapsed=321s
  block 1,066,000/1,323,418 joined=3,754,250 elapsed=321s
  block 1,068,000/1,323,418 joined=3,885,805 elapsed=322s
  block 1,070,000/1,323,418 joined=3,799,013 elapsed=322s
  block 1,072,000/1,323,418 joined=3,817,349 elapsed=323s
  block 1,074,000/1,323,418 joined=3,842,981 elapsed=324s
  block 1,076,000/1,323,418 joined=3,773,429 elapsed=324s
  block 1,078,000/1,323,418 joined=3,836,225 elapsed=325s
  block 1,080,000/1,323,418 joined=3,832,942 elapsed=325s
  block 1,082,000/1,323,418 joined=3,869,043 elapsed=326s
  block 1,084,000/1,323,418 joined=3,701,076 elapsed=327s
  block 1,086,000/1,323,418 joined=3,881,496 elapsed=327s
  block 1,088,000/1,323,418 joined=3,703,806 elapsed=328s
  block 1,090,000/1,323,418 joined=3,725,424 elapsed=328s
  block 1,092,000/1,323,418 joined=3,747,506 elapsed=329s
  block 1,094,000/1,323,418 joined=3,833,770 elapsed=329s
  block 1,096,000/1,323,418 joined=3,797,275 elapsed=330s
  block 1,098,000/1,323,418 joined=3,850,025 elapsed=331s
  block 1,100,000/1,323,418 joined=3,769,338 elapsed=331s
  block 1,102,000/1,323,418 joined=3,714,412 elapsed=332s
  block 1,104,000/1,323,418 joined=3,756,961 elapsed=333s
  block 1,106,000/1,323,418 joined=3,837,894 elapsed=333s
  block 1,108,000/1,323,418 joined=3,757,549 elapsed=334s
  block 1,110,000/1,323,418 joined=3,716,364 elapsed=334s
  block 1,112,000/1,323,418 joined=3,823,047 elapsed=335s
  block 1,114,000/1,323,418 joined=3,744,411 elapsed=336s
  block 1,116,000/1,323,418 joined=3,785,713 elapsed=336s
  block 1,118,000/1,323,418 joined=3,812,060 elapsed=337s
  block 1,120,000/1,323,418 joined=3,835,107 elapsed=338s
  block 1,122,000/1,323,418 joined=3,722,562 elapsed=338s
  block 1,124,000/1,323,418 joined=3,814,026 elapsed=339s
  block 1,126,000/1,323,418 joined=3,711,810 elapsed=339s
  block 1,128,000/1,323,418 joined=3,858,804 elapsed=340s
  block 1,130,000/1,323,418 joined=3,886,221 elapsed=341s
  block 1,132,000/1,323,418 joined=3,785,431 elapsed=341s
  block 1,134,000/1,323,418 joined=3,799,749 elapsed=342s
  block 1,136,000/1,323,418 joined=3,806,254 elapsed=342s
  block 1,138,000/1,323,418 joined=3,783,954 elapsed=343s
  block 1,140,000/1,323,418 joined=3,756,072 elapsed=344s
  block 1,142,000/1,323,418 joined=3,861,429 elapsed=344s
  block 1,144,000/1,323,418 joined=3,796,648 elapsed=345s
  block 1,146,000/1,323,418 joined=3,733,901 elapsed=345s
  block 1,148,000/1,323,418 joined=3,782,651 elapsed=346s
  block 1,150,000/1,323,418 joined=3,806,719 elapsed=347s
  block 1,152,000/1,323,418 joined=3,723,025 elapsed=347s
  block 1,154,000/1,323,418 joined=3,869,244 elapsed=348s
  block 1,156,000/1,323,418 joined=3,724,321 elapsed=348s
  block 1,158,000/1,323,418 joined=3,760,605 elapsed=349s
  block 1,160,000/1,323,418 joined=3,871,044 elapsed=350s
  block 1,162,000/1,323,418 joined=3,736,629 elapsed=350s
  block 1,164,000/1,323,418 joined=3,796,206 elapsed=351s
  block 1,166,000/1,323,418 joined=3,831,215 elapsed=351s
  block 1,168,000/1,323,418 joined=3,873,723 elapsed=352s
  block 1,170,000/1,323,418 joined=3,815,261 elapsed=353s
  block 1,172,000/1,323,418 joined=3,827,033 elapsed=353s
  block 1,174,000/1,323,418 joined=3,784,075 elapsed=354s
  block 1,176,000/1,323,418 joined=3,774,447 elapsed=354s
  block 1,178,000/1,323,418 joined=3,798,386 elapsed=355s
  block 1,180,000/1,323,418 joined=3,823,098 elapsed=356s
  block 1,182,000/1,323,418 joined=3,783,222 elapsed=356s
  block 1,184,000/1,323,418 joined=3,837,855 elapsed=357s
  block 1,186,000/1,323,418 joined=3,863,471 elapsed=357s
  block 1,188,000/1,323,418 joined=3,827,044 elapsed=358s
  block 1,190,000/1,323,418 joined=3,704,189 elapsed=359s
  block 1,192,000/1,323,418 joined=3,743,524 elapsed=359s
  block 1,194,000/1,323,418 joined=3,864,288 elapsed=360s
  block 1,196,000/1,323,418 joined=3,893,046 elapsed=360s
  block 1,198,000/1,323,418 joined=3,725,409 elapsed=361s
  block 1,200,000/1,323,418 joined=3,831,845 elapsed=362s
  block 1,202,000/1,323,418 joined=3,816,049 elapsed=362s
  block 1,204,000/1,323,418 joined=3,792,322 elapsed=363s
  block 1,206,000/1,323,418 joined=3,905,437 elapsed=363s
  block 1,208,000/1,323,418 joined=3,711,438 elapsed=364s
  block 1,210,000/1,323,418 joined=3,809,191 elapsed=365s
  block 1,212,000/1,323,418 joined=3,798,472 elapsed=365s
  block 1,214,000/1,323,418 joined=3,831,419 elapsed=366s
  block 1,216,000/1,323,418 joined=3,803,037 elapsed=367s
  block 1,218,000/1,323,418 joined=3,894,244 elapsed=367s
  block 1,220,000/1,323,418 joined=3,807,945 elapsed=368s
  block 1,222,000/1,323,418 joined=3,806,774 elapsed=368s
  block 1,224,000/1,323,418 joined=3,884,535 elapsed=369s
  block 1,226,000/1,323,418 joined=3,728,173 elapsed=370s
  block 1,228,000/1,323,418 joined=3,735,540 elapsed=370s
  block 1,230,000/1,323,418 joined=3,799,062 elapsed=371s
  block 1,232,000/1,323,418 joined=3,782,819 elapsed=371s
  block 1,234,000/1,323,418 joined=3,837,844 elapsed=372s
  block 1,236,000/1,323,418 joined=3,807,812 elapsed=373s
  block 1,238,000/1,323,418 joined=3,849,193 elapsed=373s
  block 1,240,000/1,323,418 joined=3,848,925 elapsed=374s
  block 1,242,000/1,323,418 joined=3,744,173 elapsed=374s
  block 1,244,000/1,323,418 joined=3,747,357 elapsed=375s
  block 1,246,000/1,323,418 joined=3,900,419 elapsed=376s
  block 1,248,000/1,323,418 joined=3,843,513 elapsed=376s
  block 1,250,000/1,323,418 joined=3,801,262 elapsed=377s
  block 1,252,000/1,323,418 joined=3,810,158 elapsed=377s
  block 1,254,000/1,323,418 joined=3,744,544 elapsed=378s
  block 1,256,000/1,323,418 joined=3,846,450 elapsed=379s
  block 1,258,000/1,323,418 joined=3,837,041 elapsed=379s
  block 1,260,000/1,323,418 joined=3,776,299 elapsed=380s
  block 1,262,000/1,323,418 joined=3,753,730 elapsed=380s
  block 1,264,000/1,323,418 joined=3,782,205 elapsed=381s
  block 1,266,000/1,323,418 joined=3,791,445 elapsed=382s
  block 1,268,000/1,323,418 joined=3,739,361 elapsed=382s
  block 1,270,000/1,323,418 joined=3,796,816 elapsed=383s
  block 1,272,000/1,323,418 joined=3,852,798 elapsed=383s
  block 1,274,000/1,323,418 joined=3,848,720 elapsed=384s
  block 1,276,000/1,323,418 joined=3,688,890 elapsed=385s
  block 1,278,000/1,323,418 joined=3,795,823 elapsed=385s
  block 1,280,000/1,323,418 joined=3,763,488 elapsed=386s
  block 1,282,000/1,323,418 joined=3,718,855 elapsed=386s
  block 1,284,000/1,323,418 joined=3,837,159 elapsed=387s
  block 1,286,000/1,323,418 joined=3,775,051 elapsed=388s
  block 1,288,000/1,323,418 joined=3,742,369 elapsed=388s
  block 1,290,000/1,323,418 joined=3,727,664 elapsed=389s
  block 1,292,000/1,323,418 joined=3,828,880 elapsed=389s
  block 1,294,000/1,323,418 joined=3,766,894 elapsed=390s
  block 1,296,000/1,323,418 joined=3,854,429 elapsed=391s
  block 1,298,000/1,323,418 joined=3,727,693 elapsed=391s
  block 1,300,000/1,323,418 joined=3,834,184 elapsed=392s
  block 1,302,000/1,323,418 joined=3,711,793 elapsed=392s
  block 1,304,000/1,323,418 joined=3,801,490 elapsed=393s
  block 1,306,000/1,323,418 joined=3,769,035 elapsed=394s
  block 1,308,000/1,323,418 joined=3,859,604 elapsed=394s
  block 1,310,000/1,323,418 joined=3,863,992 elapsed=395s
  block 1,312,000/1,323,418 joined=3,808,636 elapsed=395s
  block 1,314,000/1,323,418 joined=3,744,998 elapsed=396s
  block 1,316,000/1,323,418 joined=3,734,538 elapsed=396s
  block 1,318,000/1,323,418 joined=3,788,126 elapsed=397s
  block 1,320,000/1,323,418 joined=3,903,466 elapsed=398s
  block 1,322,000/1,323,418 joined=3,746,429 elapsed=398s
  block 1,324,000/1,323,418 joined=2,778,597 elapsed=399s
  US: 90,831,401 pairs for 1,323,432/1,323,633 source1, 990s
train: 152,861,380 candidate pairs for 2,206,532/2,206,821 source1 in 993s
