Loading weights:   0%|          | 0/199 [00:00<?, ?it/s]Loading weights: 100%|██████████| 199/199 [00:00<00:00, 3630.72it/s]
[transformers] [1mBertForSequenceClassification LOAD REPORT[0m from: intfloat/multilingual-e5-small
Key               | Status  | 
------------------+---------+-
classifier.bias   | MISSING | 
classifier.weight | MISSING | 

Notes:
- MISSING:	those params were newly initialized because missing from the checkpoint. Consider training on your downstream task.
[transformers] `use_cache=True` is incompatible with gradient checkpointing. Setting `use_cache=False`.
CE epoch 1: 16/1,433,164, loss 0.70060
CE epoch 1: 3,216/1,433,164, loss 0.69460
CE epoch 1: 6,416/1,433,164, loss 0.69012
CE epoch 1: 9,616/1,433,164, loss 0.68954
CE epoch 1: 12,816/1,433,164, loss 0.68781
CE epoch 1: 16,016/1,433,164, loss 0.68529
CE epoch 1: 19,216/1,433,164, loss 0.68147
CE epoch 1: 22,416/1,433,164, loss 0.67525
CE epoch 1: 25,616/1,433,164, loss 0.66471
CE epoch 1: 28,816/1,433,164, loss 0.65152
CE epoch 1: 32,016/1,433,164, loss 0.63846
CE epoch 1: 35,216/1,433,164, loss 0.62284
CE epoch 1: 38,416/1,433,164, loss 0.60617
CE epoch 1: 41,616/1,433,164, loss 0.59108
CE epoch 1: 44,816/1,433,164, loss 0.57683
CE epoch 1: 48,016/1,433,164, loss 0.56310
CE epoch 1: 51,216/1,433,164, loss 0.55041
CE epoch 1: 54,416/1,433,164, loss 0.53806
CE epoch 1: 57,616/1,433,164, loss 0.52737
CE epoch 1: 60,816/1,433,164, loss 0.51664
CE epoch 1: 64,016/1,433,164, loss 0.50687
CE epoch 1: 67,216/1,433,164, loss 0.49718
CE epoch 1: 70,416/1,433,164, loss 0.48815
CE epoch 1: 73,616/1,433,164, loss 0.47965
CE epoch 1: 76,816/1,433,164, loss 0.47142
CE epoch 1: 80,016/1,433,164, loss 0.46267
